<html>
<body>
<pre>
<h1>礦ision Build Log</h1>
<h2>Tool Versions:</h2>
IDE-Version: μVision V5.25.3.0
Copyright (C) 2018 ARM Ltd and ARM Germany GmbH. All rights reserved.
License Information: peng defeng, hxcx, LIC=8MZI6-DA6JY-LVT1I-TJ7HH-87HGP-P5RZA
 
Tool Versions:
Toolchain:       MDK-ARM Professional  Version: 5.35.0.2
Toolchain Path:  D:\keil\new install\ARM\ARMCC\Bin
C Compiler:      Armcc.exe V5.06 update 7 (build 960)
Assembler:       Armasm.exe V5.06 update 7 (build 960)
Linker/Locator:  ArmLink.exe V5.06 update 7 (build 960)
Library Manager: ArmAr.exe V5.06 update 7 (build 960)
Hex Converter:   FromElf.exe V5.06 update 7 (build 960)
CPU DLL:         SARMCM3.DLL V5.35.0.2
Dialog DLL:      DCM.DLL V1.17.3.0
Target DLL:      UL2CM3.DLL V1.164.0.0
Dialog DLL:      TCM.DLL V1.53.0.0
 
<h2>Project:</h2>
D:\秋招准备\Keil——program\Keil——program\MyruntimeOS3.03\MyruntimeOS.uvprojx
Project File Date:  05/14/2025

<h2>Output:</h2>
*** Using Compiler 'V5.06 update 7 (build 960)', folder: 'D:\keil\new install\ARM\ARMCC\Bin'
Rebuild target 'Target 1'
compiling tbitmap.c...
source\tLib.h(20): warning:  #1-D: last line of file ends without a newline
  #endif
source\tbitmap.c(65): warning:  #1-D: last line of file ends without a newline
  }
source\tbitmap.c: 2 warnings, 0 errors
compiling system_ARMCM3.c...
compiling startup_ARMCM3.c...
compiling switch.c...
source\tLib.h(20): warning:  #1-D: last line of file ends without a newline
  #endif
source\tinyOS.h(19): warning:  #1295-D: Deprecated declaration tTaskSchedInit - give arg types
  void tTaskSchedInit ();//初始化调度锁
source\tinyOS.h(21): warning:  #1295-D: Deprecated declaration tTaskSchedDisable - give arg types
  void tTaskSchedDisable ();//调度锁上锁
source\tinyOS.h(22): warning:  #1295-D: Deprecated declaration tTaskSchedEnable - give arg types
  void tTaskSchedEnable ();//调度锁解锁
source\tinyOS.h(28): warning:  #1-D: last line of file ends without a newline
  #endif
source\switch.c(65): warning:  #1-D: last line of file ends without a newline
  }
source\switch.c: 6 warnings, 0 errors
compiling main.c...
source\tLib.h(20): warning:  #1-D: last line of file ends without a newline
  #endif
source\tinyOS.h(19): warning:  #1295-D: Deprecated declaration tTaskSchedInit - give arg types
  void tTaskSchedInit ();//初始化调度锁
source\tinyOS.h(21): warning:  #1295-D: Deprecated declaration tTaskSchedDisable - give arg types
  void tTaskSchedDisable ();//调度锁上锁
source\tinyOS.h(22): warning:  #1295-D: Deprecated declaration tTaskSchedEnable - give arg types
  void tTaskSchedEnable ();//调度锁解锁
source\tinyOS.h(28): warning:  #1-D: last line of file ends without a newline
  #endif
source\main.c(19): warning:  #1295-D: Deprecated declaration tTaskSched - give arg types
  void tTaskSched ();
source\main.c: 6 warnings, 0 errors
linking...
Program Size: Code=1304 RO-data=1248 RW-data=64 ZI-data=15872  
".\Objects\MyruntimeOS.axf" - 0 Error(s), 14 Warning(s).

<h2>Software Packages used:</h2>

Package Vendor: ARM
                http://www.keil.com/pack/ARM.CMSIS.5.8.0.pack
                ARM.CMSIS.5.8.0
                CMSIS (Common Microcontroller Software Interface Standard)
   * Component: CORE Version: 5.5.0
   * Component: Startup Variant: C Startup Version: 2.0.3

<h2>Collection of Component include folders:</h2>
  .\RTE\_Target_1
  D:\keil\new install\ARM\CMSIS\5.8.0\CMSIS\Core\Include
  D:\keil\new install\ARM\CMSIS\5.8.0\Device\ARM\ARMCM3\Include

<h2>Collection of Component Files used:</h2>

   * Component: ARM::CMSIS:CORE:5.5.0

   * Component: ARM::Device:Startup:C Startup:2.0.3
      Include file:  Device\ARM\ARMCM3\Include\ARMCM3.h
      Source file:   Device\ARM\ARMCM3\Source\startup_ARMCM3.c
      Source file:   Device\ARM\ARMCM3\Source\system_ARMCM3.c
Build Time Elapsed:  00:00:03
</pre>
</body>
</html>
