<html>
<body>
<pre>
<h1>礦ision Build Log</h1>
<h2>Tool Versions:</h2>
IDE-Version: μVision V5.25.3.0
Copyright (C) 2018 ARM Ltd and ARM Germany GmbH. All rights reserved.
License Information: peng defeng, hxcx, LIC=8MZI6-DA6JY-LVT1I-TJ7HH-87HGP-P5RZA
 
Tool Versions:
Toolchain:       MDK-ARM Professional  Version: 5.35.0.2
Toolchain Path:  D:\keil\new install\ARM\ARMCC\Bin
C Compiler:      Armcc.exe V5.06 update 7 (build 960)
Assembler:       Armasm.exe V5.06 update 7 (build 960)
Linker/Locator:  ArmLink.exe V5.06 update 7 (build 960)
Library Manager: ArmAr.exe V5.06 update 7 (build 960)
Hex Converter:   FromElf.exe V5.06 update 7 (build 960)
CPU DLL:         SARMCM3.DLL V5.35.0.2
Dialog DLL:      DCM.DLL V1.17.3.0
Target DLL:      UL2CM3.DLL V1.164.0.0
Dialog DLL:      TCM.DLL V1.53.0.0
 
<h2>Project:</h2>
D:\秋招准备\tinyRTOS\MyruntimeOS.uvprojx
Project File Date:  05/17/2025

<h2>Output:</h2>
*** Using Compiler 'V5.06 update 7 (build 960)', folder: 'D:\keil\new install\ARM\ARMCC\Bin'
Build target 'Target 1'
compiling tTime.c...
Source\tLib.h(45): warning:  #1-D: last line of file ends without a newline
  #endif
Source\tconfig.h(8): warning:  #1-D: last line of file ends without a newline
  #endif
Source\tTask.h(56): warning:  #1-D: last line of file ends without a newline
  #endif
Source\tEvent.h(28): warning:  #1-D: last line of file ends without a newline
  #endif
Source\tSem.h(28): warning:  #1-D: last line of file ends without a newline
  #endif
Source\tMemBlock.h(30): warning:  #1-D: last line of file ends without a newline
  #endif
Source\tinyOS.h(28): warning:  #1295-D: Deprecated declaration tTaskSchedInit - give arg types
  void tTaskSchedInit ();//初始化调度锁
Source\tinyOS.h(30): warning:  #1295-D: Deprecated declaration tTaskSchedDisable - give arg types
  void tTaskSchedDisable ();//调度锁上锁
Source\tinyOS.h(31): warning:  #1295-D: Deprecated declaration tTaskSchedEnable - give arg types
  void tTaskSchedEnable ();//调度锁解锁
Source\tinyOS.h(44): warning:  #1295-D: Deprecated declaration tTaskSystemTickHandler - give arg types
  void tTaskSystemTickHandler ();
Source\tinyOS.h(49): warning:  #1295-D: Deprecated declaration tTaskSched - give arg types
  void tTaskSched ();
Source\tinyOS.h(56): warning:  #1-D: last line of file ends without a newline
  #endif
Source\tTime.c(13): warning:  #1-D: last line of file ends without a newline
  }
Source\tTime.c: 13 warnings, 0 errors
compiling tEvent.c...
Source\tLib.h(45): warning:  #1-D: last line of file ends without a newline
  #endif
Source\tconfig.h(8): warning:  #1-D: last line of file ends without a newline
  #endif
Source\tTask.h(56): warning:  #1-D: last line of file ends without a newline
  #endif
Source\tEvent.h(28): warning:  #1-D: last line of file ends without a newline
  #endif
Source\tSem.h(28): warning:  #1-D: last line of file ends without a newline
  #endif
Source\tMemBlock.h(30): warning:  #1-D: last line of file ends without a newline
  #endif
Source\tinyOS.h(28): warning:  #1295-D: Deprecated declaration tTaskSchedInit - give arg types
  void tTaskSchedInit ();//初始化调度锁
Source\tinyOS.h(30): warning:  #1295-D: Deprecated declaration tTaskSchedDisable - give arg types
  void tTaskSchedDisable ();//调度锁上锁
Source\tinyOS.h(31): warning:  #1295-D: Deprecated declaration tTaskSchedEnable - give arg types
  void tTaskSchedEnable ();//调度锁解锁
Source\tinyOS.h(44): warning:  #1295-D: Deprecated declaration tTaskSystemTickHandler - give arg types
  void tTaskSystemTickHandler ();
Source\tinyOS.h(49): warning:  #1295-D: Deprecated declaration tTaskSched - give arg types
  void tTaskSched ();
Source\tinyOS.h(56): warning:  #1-D: last line of file ends without a newline
  #endif
Source\tEvent.c(97): warning:  #223-D: function "tListCount" declared implicitly
      count = tListCount(&event->waitList);
Source\tEvent.c(124): warning:  #223-D: function "tListCount" declared implicitly
      count = tListCount(&event->waitList);
Source\tEvent.c: 14 warnings, 0 errors
compiling tSem.c...
Source\tLib.h(45): warning:  #1-D: last line of file ends without a newline
  #endif
Source\tTask.h(56): warning:  #1-D: last line of file ends without a newline
  #endif
Source\tEvent.h(28): warning:  #1-D: last line of file ends without a newline
  #endif
Source\tSem.h(28): warning:  #1-D: last line of file ends without a newline
  #endif
Source\tconfig.h(8): warning:  #1-D: last line of file ends without a newline
  #endif
Source\tMemBlock.h(30): warning:  #1-D: last line of file ends without a newline
  #endif
Source\tinyOS.h(28): warning:  #1295-D: Deprecated declaration tTaskSchedInit - give arg types
  void tTaskSchedInit ();//初始化调度锁
Source\tinyOS.h(30): warning:  #1295-D: Deprecated declaration tTaskSchedDisable - give arg types
  void tTaskSchedDisable ();//调度锁上锁
Source\tinyOS.h(31): warning:  #1295-D: Deprecated declaration tTaskSchedEnable - give arg types
  void tTaskSchedEnable ();//调度锁解锁
Source\tinyOS.h(44): warning:  #1295-D: Deprecated declaration tTaskSystemTickHandler - give arg types
  void tTaskSystemTickHandler ();
Source\tinyOS.h(49): warning:  #1295-D: Deprecated declaration tTaskSched - give arg types
  void tTaskSched ();
Source\tinyOS.h(56): warning:  #1-D: last line of file ends without a newline
  #endif
Source\tSem.c: 12 warnings, 0 errors
compiling app.c...
Source\tLib.h(45): warning:  #1-D: last line of file ends without a newline
  #endif
Source\tconfig.h(8): warning:  #1-D: last line of file ends without a newline
  #endif
Source\tTask.h(56): warning:  #1-D: last line of file ends without a newline
  #endif
Source\tEvent.h(28): warning:  #1-D: last line of file ends without a newline
  #endif
Source\tSem.h(28): warning:  #1-D: last line of file ends without a newline
  #endif
Source\tMemBlock.h(30): warning:  #1-D: last line of file ends without a newline
  #endif
Source\tinyOS.h(28): warning:  #1295-D: Deprecated declaration tTaskSchedInit - give arg types
  void tTaskSchedInit ();//初始化调度锁
Source\tinyOS.h(30): warning:  #1295-D: Deprecated declaration tTaskSchedDisable - give arg types
  void tTaskSchedDisable ();//调度锁上锁
Source\tinyOS.h(31): warning:  #1295-D: Deprecated declaration tTaskSchedEnable - give arg types
  void tTaskSchedEnable ();//调度锁解锁
Source\tinyOS.h(44): warning:  #1295-D: Deprecated declaration tTaskSystemTickHandler - give arg types
  void tTaskSystemTickHandler ();
Source\tinyOS.h(49): warning:  #1295-D: Deprecated declaration tTaskSched - give arg types
  void tTaskSched ();
Source\tinyOS.h(56): warning:  #1-D: last line of file ends without a newline
  #endif
Source\app.c(81): warning:  #1-D: last line of file ends without a newline
  }
Source\app.c: 13 warnings, 0 errors
compiling tTask.c...
Source\tLib.h(45): warning:  #1-D: last line of file ends without a newline
  #endif
Source\tconfig.h(8): warning:  #1-D: last line of file ends without a newline
  #endif
Source\tTask.h(56): warning:  #1-D: last line of file ends without a newline
  #endif
Source\tEvent.h(28): warning:  #1-D: last line of file ends without a newline
  #endif
Source\tSem.h(28): warning:  #1-D: last line of file ends without a newline
  #endif
Source\tMemBlock.h(30): warning:  #1-D: last line of file ends without a newline
  #endif
Source\tinyOS.h(28): warning:  #1295-D: Deprecated declaration tTaskSchedInit - give arg types
  void tTaskSchedInit ();//初始化调度锁
Source\tinyOS.h(30): warning:  #1295-D: Deprecated declaration tTaskSchedDisable - give arg types
  void tTaskSchedDisable ();//调度锁上锁
Source\tinyOS.h(31): warning:  #1295-D: Deprecated declaration tTaskSchedEnable - give arg types
  void tTaskSchedEnable ();//调度锁解锁
Source\tinyOS.h(44): warning:  #1295-D: Deprecated declaration tTaskSystemTickHandler - give arg types
  void tTaskSystemTickHandler ();
Source\tinyOS.h(49): warning:  #1295-D: Deprecated declaration tTaskSched - give arg types
  void tTaskSched ();
Source\tinyOS.h(56): warning:  #1-D: last line of file ends without a newline
  #endif
Source\tTask.c(157): warning:  #1-D: last line of file ends without a newline
  	
Source\tTask.c: 13 warnings, 0 errors
compiling tMbox.c...
Source\tLib.h(45): warning:  #1-D: last line of file ends without a newline
  #endif
Source\tconfig.h(8): warning:  #1-D: last line of file ends without a newline
  #endif
Source\tTask.h(56): warning:  #1-D: last line of file ends without a newline
  #endif
Source\tEvent.h(28): warning:  #1-D: last line of file ends without a newline
  #endif
Source\tSem.h(28): warning:  #1-D: last line of file ends without a newline
  #endif
Source\tMemBlock.h(30): warning:  #1-D: last line of file ends without a newline
  #endif
Source\tinyOS.h(28): warning:  #1295-D: Deprecated declaration tTaskSchedInit - give arg types
  void tTaskSchedInit ();//初始化调度锁
Source\tinyOS.h(30): warning:  #1295-D: Deprecated declaration tTaskSchedDisable - give arg types
  void tTaskSchedDisable ();//调度锁上锁
Source\tinyOS.h(31): warning:  #1295-D: Deprecated declaration tTaskSchedEnable - give arg types
  void tTaskSchedEnable ();//调度锁解锁
Source\tinyOS.h(44): warning:  #1295-D: Deprecated declaration tTaskSystemTickHandler - give arg types
  void tTaskSystemTickHandler ();
Source\tinyOS.h(49): warning:  #1295-D: Deprecated declaration tTaskSched - give arg types
  void tTaskSched ();
Source\tinyOS.h(56): warning:  #1-D: last line of file ends without a newline
  #endif
Source\tMbox.c(147): warning:  #1-D: last line of file ends without a newline
  }
Source\tMbox.c: 13 warnings, 0 errors
compiling switch.c...
source\tLib.h(45): warning:  #1-D: last line of file ends without a newline
  #endif
source\tconfig.h(8): warning:  #1-D: last line of file ends without a newline
  #endif
source\tTask.h(56): warning:  #1-D: last line of file ends without a newline
  #endif
source\tEvent.h(28): warning:  #1-D: last line of file ends without a newline
  #endif
source\tSem.h(28): warning:  #1-D: last line of file ends without a newline
  #endif
source\tMemBlock.h(30): warning:  #1-D: last line of file ends without a newline
  #endif
source\tinyOS.h(28): warning:  #1295-D: Deprecated declaration tTaskSchedInit - give arg types
  void tTaskSchedInit ();//初始化调度锁
source\tinyOS.h(30): warning:  #1295-D: Deprecated declaration tTaskSchedDisable - give arg types
  void tTaskSchedDisable ();//调度锁上锁
source\tinyOS.h(31): warning:  #1295-D: Deprecated declaration tTaskSchedEnable - give arg types
  void tTaskSchedEnable ();//调度锁解锁
source\tinyOS.h(44): warning:  #1295-D: Deprecated declaration tTaskSystemTickHandler - give arg types
  void tTaskSystemTickHandler ();
source\tinyOS.h(49): warning:  #1295-D: Deprecated declaration tTaskSched - give arg types
  void tTaskSched ();
source\tinyOS.h(56): warning:  #1-D: last line of file ends without a newline
  #endif
source\switch.c(65): warning:  #1-D: last line of file ends without a newline
  }
source\switch.c: 13 warnings, 0 errors
compiling tCpu.c...
Source\tLib.h(45): warning:  #1-D: last line of file ends without a newline
  #endif
Source\tconfig.h(8): warning:  #1-D: last line of file ends without a newline
  #endif
Source\tTask.h(56): warning:  #1-D: last line of file ends without a newline
  #endif
Source\tEvent.h(28): warning:  #1-D: last line of file ends without a newline
  #endif
Source\tSem.h(28): warning:  #1-D: last line of file ends without a newline
  #endif
Source\tMemBlock.h(30): warning:  #1-D: last line of file ends without a newline
  #endif
Source\tinyOS.h(28): warning:  #1295-D: Deprecated declaration tTaskSchedInit - give arg types
  void tTaskSchedInit ();//初始化调度锁
Source\tinyOS.h(30): warning:  #1295-D: Deprecated declaration tTaskSchedDisable - give arg types
  void tTaskSchedDisable ();//调度锁上锁
Source\tinyOS.h(31): warning:  #1295-D: Deprecated declaration tTaskSchedEnable - give arg types
  void tTaskSchedEnable ();//调度锁解锁
Source\tinyOS.h(44): warning:  #1295-D: Deprecated declaration tTaskSystemTickHandler - give arg types
  void tTaskSystemTickHandler ();
Source\tinyOS.h(49): warning:  #1295-D: Deprecated declaration tTaskSched - give arg types
  void tTaskSched ();
Source\tinyOS.h(56): warning:  #1-D: last line of file ends without a newline
  #endif
Source\tCpu.c: 12 warnings, 0 errors
compiling main.c...
source\tLib.h(45): warning:  #1-D: last line of file ends without a newline
  #endif
source\tconfig.h(8): warning:  #1-D: last line of file ends without a newline
  #endif
source\tTask.h(56): warning:  #1-D: last line of file ends without a newline
  #endif
source\tEvent.h(28): warning:  #1-D: last line of file ends without a newline
  #endif
source\tSem.h(28): warning:  #1-D: last line of file ends without a newline
  #endif
source\tMemBlock.h(30): warning:  #1-D: last line of file ends without a newline
  #endif
source\tinyOS.h(28): warning:  #1295-D: Deprecated declaration tTaskSchedInit - give arg types
  void tTaskSchedInit ();//初始化调度锁
source\tinyOS.h(30): warning:  #1295-D: Deprecated declaration tTaskSchedDisable - give arg types
  void tTaskSchedDisable ();//调度锁上锁
source\tinyOS.h(31): warning:  #1295-D: Deprecated declaration tTaskSchedEnable - give arg types
  void tTaskSchedEnable ();//调度锁解锁
source\tinyOS.h(44): warning:  #1295-D: Deprecated declaration tTaskSystemTickHandler - give arg types
  void tTaskSystemTickHandler ();
source\tinyOS.h(49): warning:  #1295-D: Deprecated declaration tTaskSched - give arg types
  void tTaskSched ();
source\tinyOS.h(56): warning:  #1-D: last line of file ends without a newline
  #endif
source\main.c(76): warning:  #223-D: function "tListCount" declared implicitly
  	if(tListCount(&taskTable[task->prio]) == 0)
source\main.c(85): warning:  #223-D: function "tListCount" declared implicitly
  	if(tListCount(&taskTable[task->prio]) == 0)
source\main.c(158): warning:  #223-D: function "tListCount" declared implicitly
  		if (tListCount(&taskTable[currentTask->prio]) > 0)
source\main.c: 15 warnings, 0 errors
compiling tMemBlock.c...
Source\tLib.h(45): warning:  #1-D: last line of file ends without a newline
  #endif
Source\tconfig.h(8): warning:  #1-D: last line of file ends without a newline
  #endif
Source\tTask.h(56): warning:  #1-D: last line of file ends without a newline
  #endif
Source\tEvent.h(28): warning:  #1-D: last line of file ends without a newline
  #endif
Source\tSem.h(28): warning:  #1-D: last line of file ends without a newline
  #endif
Source\tMemBlock.h(30): warning:  #1-D: last line of file ends without a newline
  #endif
Source\tinyOS.h(28): warning:  #1295-D: Deprecated declaration tTaskSchedInit - give arg types
  void tTaskSchedInit ();//初始化调度锁
Source\tinyOS.h(30): warning:  #1295-D: Deprecated declaration tTaskSchedDisable - give arg types
  void tTaskSchedDisable ();//调度锁上锁
Source\tinyOS.h(31): warning:  #1295-D: Deprecated declaration tTaskSchedEnable - give arg types
  void tTaskSchedEnable ();//调度锁解锁
Source\tinyOS.h(44): warning:  #1295-D: Deprecated declaration tTaskSystemTickHandler - give arg types
  void tTaskSystemTickHandler ();
Source\tinyOS.h(49): warning:  #1295-D: Deprecated declaration tTaskSched - give arg types
  void tTaskSched ();
Source\tinyOS.h(56): warning:  #1-D: last line of file ends without a newline
  #endif
Source\tMemBlock.c(33): warning:  #223-D: function "tListCount" declared implicitly
      if(tListCount(&memBlock->blockList) > 0)
Source\tMemBlock.c(55): warning:  #223-D: function "tListCount" declared implicitly
      if(tListCount(&memBlock->blockList) > 0)
Source\tMemBlock.c(77): warning:  #174-D: expression has no effect
              tTaskSched;
Source\tMemBlock.c(93): warning:  #223-D: function "tListCount" declared implicitly
      info->count = tListCount(&memBlock->blockList);
Source\tMemBlock.c: 16 warnings, 0 errors
compiling tFlagGroup.c...
Source\tLib.h(45): warning:  #1-D: last line of file ends without a newline
  #endif
Source\tconfig.h(8): warning:  #1-D: last line of file ends without a newline
  #endif
Source\tTask.h(56): warning:  #1-D: last line of file ends without a newline
  #endif
Source\tEvent.h(28): warning:  #1-D: last line of file ends without a newline
  #endif
Source\tSem.h(28): warning:  #1-D: last line of file ends without a newline
  #endif
Source\tMemBlock.h(30): warning:  #1-D: last line of file ends without a newline
  #endif
Source\tinyOS.h(28): warning:  #1295-D: Deprecated declaration tTaskSchedInit - give arg types
  void tTaskSchedInit ();//初始化调度锁
Source\tinyOS.h(30): warning:  #1295-D: Deprecated declaration tTaskSchedDisable - give arg types
  void tTaskSchedDisable ();//调度锁上锁
Source\tinyOS.h(31): warning:  #1295-D: Deprecated declaration tTaskSchedEnable - give arg types
  void tTaskSchedEnable ();//调度锁解锁
Source\tinyOS.h(44): warning:  #1295-D: Deprecated declaration tTaskSystemTickHandler - give arg types
  void tTaskSystemTickHandler ();
Source\tinyOS.h(49): warning:  #1295-D: Deprecated declaration tTaskSched - give arg types
  void tTaskSched ();
Source\tinyOS.h(56): warning:  #1-D: last line of file ends without a newline
  #endif
Source\tFlagGroup.c(147): warning:  #1-D: last line of file ends without a newline
  }
Source\tFlagGroup.c: 13 warnings, 0 errors
linking...
Program Size: Code=2436 RO-data=1248 RW-data=40 ZI-data=24840  
".\Objects\MyruntimeOS.axf" - 0 Error(s), 147 Warning(s).

<h2>Software Packages used:</h2>

Package Vendor: ARM
                http://www.keil.com/pack/ARM.CMSIS.5.8.0.pack
                ARM.CMSIS.5.8.0
                CMSIS (Common Microcontroller Software Interface Standard)
   * Component: CORE Version: 5.5.0
   * Component: Startup Variant: C Startup Version: 2.0.3

<h2>Collection of Component include folders:</h2>
  .\RTE\_Target_1
  D:\keil\new install\ARM\CMSIS\5.8.0\CMSIS\Core\Include
  D:\keil\new install\ARM\CMSIS\5.8.0\Device\ARM\ARMCM3\Include

<h2>Collection of Component Files used:</h2>

   * Component: ARM::CMSIS:CORE:5.5.0

   * Component: ARM::Device:Startup:C Startup:2.0.3
      Source file:   Device\ARM\ARMCM3\Source\startup_ARMCM3.c
      Source file:   Device\ARM\ARMCM3\Source\system_ARMCM3.c
      Include file:  Device\ARM\ARMCM3\Include\ARMCM3.h
Build Time Elapsed:  00:00:02
</pre>
</body>
</html>
