Component: ARM Compiler 5.06 update 7 (build 960) Tool: armlink [4d3601]

==============================================================================

Section Cross References

    main.o(i.main) refers to main.o(i.tTaskSchedInit) for tTaskSchedInit
    main.o(i.main) refers to main.o(i.tTaskDealyedInit) for tTaskDealyedInit
    main.o(i.main) refers to app.o(i.tInitApp) for tInitApp
    main.o(i.main) refers to ttask.o(i.tTaskInit) for tTaskInit
    main.o(i.main) refers to main.o(i.tTaskHighestReady) for tTaskHighestReady
    main.o(i.main) refers to switch.o(i.tTaskRunFirst) for tTaskRunFirst
    main.o(i.main) refers to main.o(.bss) for idleTaskEnv
    main.o(i.main) refers to main.o(i.idleTaskEntry) for idleTaskEntry
    main.o(i.main) refers to main.o(.data) for idleTask
    main.o(i.tTaskDealyedInit) refers to tlist.o(i.tListInit) for tListInit
    main.o(i.tTaskDealyedInit) refers to main.o(.bss) for tTaskDelayedList
    main.o(i.tTaskHighestReady) refers to tbitmap.o(i.tBitmapGetFirstSet) for tBitmapGetFirstSet
    main.o(i.tTaskHighestReady) refers to tlist.o(i.tListFirst) for tListFirst
    main.o(i.tTaskHighestReady) refers to main.o(.data) for taskPrioBitmap
    main.o(i.tTaskHighestReady) refers to main.o(.bss) for taskTable
    main.o(i.tTaskSched) refers to switch.o(i.tTaskEnterCritical) for tTaskEnterCritical
    main.o(i.tTaskSched) refers to switch.o(i.tTaskExitCritical) for tTaskExitCritical
    main.o(i.tTaskSched) refers to main.o(i.tTaskHighestReady) for tTaskHighestReady
    main.o(i.tTaskSched) refers to switch.o(i.tTaskSwitch) for tTaskSwitch
    main.o(i.tTaskSched) refers to main.o(.data) for schedLockCount
    main.o(i.tTaskSchedDisable) refers to switch.o(i.tTaskEnterCritical) for tTaskEnterCritical
    main.o(i.tTaskSchedDisable) refers to switch.o(i.tTaskExitCritical) for tTaskExitCritical
    main.o(i.tTaskSchedDisable) refers to main.o(.data) for schedLockCount
    main.o(i.tTaskSchedEnable) refers to switch.o(i.tTaskEnterCritical) for tTaskEnterCritical
    main.o(i.tTaskSchedEnable) refers to main.o(i.tTaskSched) for tTaskSched
    main.o(i.tTaskSchedEnable) refers to main.o(.data) for schedLockCount
    main.o(i.tTaskSchedInit) refers to tbitmap.o(i.tBitmapInit) for tBitmapInit
    main.o(i.tTaskSchedInit) refers to tlist.o(i.tListInit) for tListInit
    main.o(i.tTaskSchedInit) refers to main.o(.data) for schedLockCount
    main.o(i.tTaskSchedInit) refers to main.o(.bss) for taskTable
    main.o(i.tTaskSchedRdy) refers to tlist.o(i.tListAddFirst) for tListAddFirst
    main.o(i.tTaskSchedRdy) refers to tbitmap.o(i.tBitmapSet) for tBitmapSet
    main.o(i.tTaskSchedRdy) refers to main.o(.bss) for taskTable
    main.o(i.tTaskSchedRdy) refers to main.o(.data) for taskPrioBitmap
    main.o(i.tTaskSchedRemove) refers to tlist.o(i.tListRemove) for tListRemove
    main.o(i.tTaskSchedRemove) refers to tlist.o(i.tListCount) for tListCount
    main.o(i.tTaskSchedRemove) refers to tbitmap.o(i.tBitmapClear) for tBitmapClear
    main.o(i.tTaskSchedRemove) refers to main.o(.bss) for taskTable
    main.o(i.tTaskSchedRemove) refers to main.o(.data) for taskPrioBitmap
    main.o(i.tTaskSchedUnRdy) refers to tlist.o(i.tListRemove) for tListRemove
    main.o(i.tTaskSchedUnRdy) refers to tlist.o(i.tListCount) for tListCount
    main.o(i.tTaskSchedUnRdy) refers to tbitmap.o(i.tBitmapClear) for tBitmapClear
    main.o(i.tTaskSchedUnRdy) refers to main.o(.bss) for taskTable
    main.o(i.tTaskSchedUnRdy) refers to main.o(.data) for taskPrioBitmap
    main.o(i.tTaskSystemTickHandler) refers to switch.o(i.tTaskEnterCritical) for tTaskEnterCritical
    main.o(i.tTaskSystemTickHandler) refers to tevent.o(i.tEventRemoveTask) for tEventRemoveTask
    main.o(i.tTaskSystemTickHandler) refers to main.o(i.tTimeTaskWakeUp) for tTimeTaskWakeUp
    main.o(i.tTaskSystemTickHandler) refers to main.o(i.tTaskSchedRdy) for tTaskSchedRdy
    main.o(i.tTaskSystemTickHandler) refers to tlist.o(i.tListCount) for tListCount
    main.o(i.tTaskSystemTickHandler) refers to tlist.o(i.tListRemoveFirst) for tListRemoveFirst
    main.o(i.tTaskSystemTickHandler) refers to tlist.o(i.tListAddLast) for tListAddLast
    main.o(i.tTaskSystemTickHandler) refers to switch.o(i.tTaskExitCritical) for tTaskExitCritical
    main.o(i.tTaskSystemTickHandler) refers to main.o(i.tTaskSched) for tTaskSched
    main.o(i.tTaskSystemTickHandler) refers to main.o(.bss) for tTaskDelayedList
    main.o(i.tTaskSystemTickHandler) refers to main.o(.data) for currentTask
    main.o(i.tTimeTaskRemove) refers to tlist.o(i.tListRemove) for tListRemove
    main.o(i.tTimeTaskRemove) refers to main.o(.bss) for tTaskDelayedList
    main.o(i.tTimeTaskWait) refers to tlist.o(i.tListAddLast) for tListAddLast
    main.o(i.tTimeTaskWait) refers to main.o(.bss) for tTaskDelayedList
    main.o(i.tTimeTaskWakeUp) refers to tlist.o(i.tListRemove) for tListRemove
    main.o(i.tTimeTaskWakeUp) refers to main.o(.bss) for tTaskDelayedList
    switch.o(.emb_text) refers to main.o(.data) for currentTask
    tbitmap.o(i.tBitmapGetFirstSet) refers to tbitmap.o(i.tBitmapPosCount) for tBitmapPosCount
    tbitmap.o(i.tBitmapGetFirstSet) refers to tbitmap.o(.constdata) for quickFindTable
    ttask.o(i.tTaskDeleteSelf) refers to switch.o(i.tTaskEnterCritical) for tTaskEnterCritical
    ttask.o(i.tTaskDeleteSelf) refers to main.o(i.tTaskSchedRemove) for tTaskSchedRemove
    ttask.o(i.tTaskDeleteSelf) refers to main.o(i.tTaskSched) for tTaskSched
    ttask.o(i.tTaskDeleteSelf) refers to switch.o(i.tTaskExitCritical) for tTaskExitCritical
    ttask.o(i.tTaskDeleteSelf) refers to main.o(.data) for currentTask
    ttask.o(i.tTaskForceDelete) refers to switch.o(i.tTaskEnterCritical) for tTaskEnterCritical
    ttask.o(i.tTaskForceDelete) refers to main.o(i.tTimeTaskRemove) for tTimeTaskRemove
    ttask.o(i.tTaskForceDelete) refers to main.o(i.tTaskSchedRemove) for tTaskSchedRemove
    ttask.o(i.tTaskForceDelete) refers to main.o(i.tTaskSched) for tTaskSched
    ttask.o(i.tTaskForceDelete) refers to switch.o(i.tTaskExitCritical) for tTaskExitCritical
    ttask.o(i.tTaskForceDelete) refers to main.o(.data) for currentTask
    ttask.o(i.tTaskGetInfo) refers to switch.o(i.tTaskEnterCritical) for tTaskEnterCritical
    ttask.o(i.tTaskGetInfo) refers to switch.o(i.tTaskExitCritical) for tTaskExitCritical
    ttask.o(i.tTaskInit) refers to tlist.o(i.tNodeInit) for tNodeInit
    ttask.o(i.tTaskInit) refers to main.o(i.tTaskSchedRdy) for tTaskSchedRdy
    ttask.o(i.tTaskIsRequestedDeleted) refers to switch.o(i.tTaskEnterCritical) for tTaskEnterCritical
    ttask.o(i.tTaskIsRequestedDeleted) refers to switch.o(i.tTaskExitCritical) for tTaskExitCritical
    ttask.o(i.tTaskIsRequestedDeleted) refers to main.o(.data) for currentTask
    ttask.o(i.tTaskRequestDelete) refers to switch.o(i.tTaskEnterCritical) for tTaskEnterCritical
    ttask.o(i.tTaskRequestDelete) refers to switch.o(i.tTaskExitCritical) for tTaskExitCritical
    ttask.o(i.tTaskSuspend) refers to switch.o(i.tTaskEnterCritical) for tTaskEnterCritical
    ttask.o(i.tTaskSuspend) refers to main.o(i.tTaskSchedUnRdy) for tTaskSchedUnRdy
    ttask.o(i.tTaskSuspend) refers to main.o(i.tTaskSched) for tTaskSched
    ttask.o(i.tTaskSuspend) refers to switch.o(i.tTaskExitCritical) for tTaskExitCritical
    ttask.o(i.tTaskSuspend) refers to main.o(.data) for currentTask
    ttask.o(i.tTaskWakeUp) refers to switch.o(i.tTaskEnterCritical) for tTaskEnterCritical
    ttask.o(i.tTaskWakeUp) refers to main.o(i.tTaskSchedRdy) for tTaskSchedRdy
    ttask.o(i.tTaskWakeUp) refers to main.o(i.tTaskSched) for tTaskSched
    ttask.o(i.tTaskWakeUp) refers to switch.o(i.tTaskExitCritical) for tTaskExitCritical
    ttime.o(i.tTaskDelay) refers to switch.o(i.tTaskEnterCritical) for tTaskEnterCritical
    ttime.o(i.tTaskDelay) refers to main.o(i.tTimeTaskWait) for tTimeTaskWait
    ttime.o(i.tTaskDelay) refers to main.o(i.tTaskSchedUnRdy) for tTaskSchedUnRdy
    ttime.o(i.tTaskDelay) refers to switch.o(i.tTaskExitCritical) for tTaskExitCritical
    ttime.o(i.tTaskDelay) refers to main.o(i.tTaskSched) for tTaskSched
    ttime.o(i.tTaskDelay) refers to main.o(.data) for currentTask
    tcpu.o(i.SysTick_Handler) refers to main.o(i.tTaskSystemTickHandler) for tTaskSystemTickHandler
    tcpu.o(i.tSetSysTickPeriod) refers to system_armcm3.o(.data) for SystemCoreClock
    app.o(i.tInitApp) refers to ttask.o(i.tTaskInit) for tTaskInit
    app.o(i.tInitApp) refers to app.o(.bss) for task1Env
    app.o(i.tInitApp) refers to app.o(i.task1Entry) for task1Entry
    app.o(i.tInitApp) refers to app.o(i.task2Entry) for task2Entry
    app.o(i.tInitApp) refers to app.o(i.task3Entry) for task3Entry
    app.o(i.tInitApp) refers to app.o(i.task4Entry) for task4Entry
    app.o(i.task1Entry) refers to tcpu.o(i.tSetSysTickPeriod) for tSetSysTickPeriod
    app.o(i.task1Entry) refers to tflaggroup.o(i.tFlagGroupInit) for tFlagGroupInit
    app.o(i.task1Entry) refers to ttime.o(i.tTaskDelay) for tTaskDelay
    app.o(i.task1Entry) refers to tflaggroup.o(i.tFlagGroupNotify) for tFlagGroupNotify
    app.o(i.task1Entry) refers to app.o(.bss) for flagGroup
    app.o(i.task1Entry) refers to app.o(.data) for task1Flag
    app.o(i.task2Entry) refers to tflaggroup.o(i.tFlagGroupWait) for tFlagGroupWait
    app.o(i.task2Entry) refers to tflaggroup.o(i.tFlagGroupNoWaitGet) for tFlagGroupNoWaitGet
    app.o(i.task2Entry) refers to ttime.o(i.tTaskDelay) for tTaskDelay
    app.o(i.task2Entry) refers to app.o(.bss) for flagGroup
    app.o(i.task2Entry) refers to app.o(.data) for task2Flag
    app.o(i.task3Entry) refers to ttime.o(i.tTaskDelay) for tTaskDelay
    app.o(i.task3Entry) refers to app.o(.data) for task3Flag
    app.o(i.task4Entry) refers to ttime.o(i.tTaskDelay) for tTaskDelay
    app.o(i.task4Entry) refers to app.o(.data) for task4Flag
    tevent.o(i.tEventInit) refers to tlist.o(i.tListInit) for tListInit
    tevent.o(i.tEventRemoveAll) refers to switch.o(i.tTaskEnterCritical) for tTaskEnterCritical
    tevent.o(i.tEventRemoveAll) refers to tlist.o(i.tListCount) for tListCount
    tevent.o(i.tEventRemoveAll) refers to main.o(i.tTimeTaskWakeUp) for tTimeTaskWakeUp
    tevent.o(i.tEventRemoveAll) refers to main.o(i.tTaskSchedRdy) for tTaskSchedRdy
    tevent.o(i.tEventRemoveAll) refers to tlist.o(i.tListRemoveFirst) for tListRemoveFirst
    tevent.o(i.tEventRemoveAll) refers to switch.o(i.tTaskExitCritical) for tTaskExitCritical
    tevent.o(i.tEventRemoveTask) refers to switch.o(i.tTaskEnterCritical) for tTaskEnterCritical
    tevent.o(i.tEventRemoveTask) refers to tlist.o(i.tListRemove) for tListRemove
    tevent.o(i.tEventRemoveTask) refers to switch.o(i.tTaskExitCritical) for tTaskExitCritical
    tevent.o(i.tEventWait) refers to switch.o(i.tTaskEnterCritical) for tTaskEnterCritical
    tevent.o(i.tEventWait) refers to main.o(i.tTaskSchedUnRdy) for tTaskSchedUnRdy
    tevent.o(i.tEventWait) refers to tlist.o(i.tListAddLast) for tListAddLast
    tevent.o(i.tEventWait) refers to main.o(i.tTimeTaskWait) for tTimeTaskWait
    tevent.o(i.tEventWait) refers to switch.o(i.tTaskExitCritical) for tTaskExitCritical
    tevent.o(i.tEventWaitCount) refers to switch.o(i.tTaskEnterCritical) for tTaskEnterCritical
    tevent.o(i.tEventWaitCount) refers to tlist.o(i.tListCount) for tListCount
    tevent.o(i.tEventWaitCount) refers to switch.o(i.tTaskExitCritical) for tTaskExitCritical
    tevent.o(i.tEventWakeUp) refers to switch.o(i.tTaskEnterCritical) for tTaskEnterCritical
    tevent.o(i.tEventWakeUp) refers to tlist.o(i.tListRemoveFirst) for tListRemoveFirst
    tevent.o(i.tEventWakeUp) refers to main.o(i.tTimeTaskWakeUp) for tTimeTaskWakeUp
    tevent.o(i.tEventWakeUp) refers to main.o(i.tTaskSchedRdy) for tTaskSchedRdy
    tevent.o(i.tEventWakeUp) refers to switch.o(i.tTaskExitCritical) for tTaskExitCritical
    tevent.o(i.tEventWakeUpTask) refers to switch.o(i.tTaskEnterCritical) for tTaskEnterCritical
    tevent.o(i.tEventWakeUpTask) refers to tlist.o(i.tListRemove) for tListRemove
    tevent.o(i.tEventWakeUpTask) refers to main.o(i.tTimeTaskWakeUp) for tTimeTaskWakeUp
    tevent.o(i.tEventWakeUpTask) refers to main.o(i.tTaskSchedRdy) for tTaskSchedRdy
    tevent.o(i.tEventWakeUpTask) refers to switch.o(i.tTaskExitCritical) for tTaskExitCritical
    tsem.o(i.tSemDestory) refers to switch.o(i.tTaskEnterCritical) for tTaskEnterCritical
    tsem.o(i.tSemDestory) refers to tevent.o(i.tEventRemoveAll) for tEventRemoveAll
    tsem.o(i.tSemDestory) refers to switch.o(i.tTaskExitCritical) for tTaskExitCritical
    tsem.o(i.tSemDestory) refers to main.o(i.tTaskSched) for tTaskSched
    tsem.o(i.tSemGetInfo) refers to switch.o(i.tTaskEnterCritical) for tTaskEnterCritical
    tsem.o(i.tSemGetInfo) refers to tevent.o(i.tEventWaitCount) for tEventWaitCount
    tsem.o(i.tSemGetInfo) refers to switch.o(i.tTaskExitCritical) for tTaskExitCritical
    tsem.o(i.tSemInit) refers to tevent.o(i.tEventInit) for tEventInit
    tsem.o(i.tSemNoWaitGet) refers to switch.o(i.tTaskEnterCritical) for tTaskEnterCritical
    tsem.o(i.tSemNoWaitGet) refers to switch.o(i.tTaskExitCritical) for tTaskExitCritical
    tsem.o(i.tSemNotify) refers to switch.o(i.tTaskEnterCritical) for tTaskEnterCritical
    tsem.o(i.tSemNotify) refers to tevent.o(i.tEventWaitCount) for tEventWaitCount
    tsem.o(i.tSemNotify) refers to tevent.o(i.tEventWakeUp) for tEventWakeUp
    tsem.o(i.tSemNotify) refers to main.o(i.tTaskSched) for tTaskSched
    tsem.o(i.tSemNotify) refers to switch.o(i.tTaskExitCritical) for tTaskExitCritical
    tsem.o(i.tSemNotify) refers to main.o(.data) for currentTask
    tsem.o(i.tSemWait) refers to switch.o(i.tTaskEnterCritical) for tTaskEnterCritical
    tsem.o(i.tSemWait) refers to switch.o(i.tTaskExitCritical) for tTaskExitCritical
    tsem.o(i.tSemWait) refers to tevent.o(i.tEventWait) for tEventWait
    tsem.o(i.tSemWait) refers to main.o(i.tTaskSched) for tTaskSched
    tsem.o(i.tSemWait) refers to main.o(.data) for currentTask
    tmbox.o(i.tMboxDestory) refers to switch.o(i.tTaskEnterCritical) for tTaskEnterCritical
    tmbox.o(i.tMboxDestory) refers to tevent.o(i.tEventRemoveAll) for tEventRemoveAll
    tmbox.o(i.tMboxDestory) refers to switch.o(i.tTaskExitCritical) for tTaskExitCritical
    tmbox.o(i.tMboxDestory) refers to main.o(i.tTaskSched) for tTaskSched
    tmbox.o(i.tMboxFlush) refers to switch.o(i.tTaskEnterCritical) for tTaskEnterCritical
    tmbox.o(i.tMboxFlush) refers to tevent.o(i.tEventWaitCount) for tEventWaitCount
    tmbox.o(i.tMboxFlush) refers to switch.o(i.tTaskExitCritical) for tTaskExitCritical
    tmbox.o(i.tMboxGetInfo) refers to switch.o(i.tTaskEnterCritical) for tTaskEnterCritical
    tmbox.o(i.tMboxGetInfo) refers to tevent.o(i.tEventWaitCount) for tEventWaitCount
    tmbox.o(i.tMboxGetInfo) refers to switch.o(i.tTaskExitCritical) for tTaskExitCritical
    tmbox.o(i.tMboxInit) refers to tevent.o(i.tEventInit) for tEventInit
    tmbox.o(i.tMboxNoWaitGet) refers to switch.o(i.tTaskEnterCritical) for tTaskEnterCritical
    tmbox.o(i.tMboxNoWaitGet) refers to switch.o(i.tTaskExitCritical) for tTaskExitCritical
    tmbox.o(i.tMboxNotify) refers to switch.o(i.tTaskEnterCritical) for tTaskEnterCritical
    tmbox.o(i.tMboxNotify) refers to tevent.o(i.tEventWaitCount) for tEventWaitCount
    tmbox.o(i.tMboxNotify) refers to tevent.o(i.tEventWakeUp) for tEventWakeUp
    tmbox.o(i.tMboxNotify) refers to main.o(i.tTaskSched) for tTaskSched
    tmbox.o(i.tMboxNotify) refers to switch.o(i.tTaskExitCritical) for tTaskExitCritical
    tmbox.o(i.tMboxNotify) refers to main.o(.data) for currentTask
    tmbox.o(i.tMboxWait) refers to switch.o(i.tTaskEnterCritical) for tTaskEnterCritical
    tmbox.o(i.tMboxWait) refers to switch.o(i.tTaskExitCritical) for tTaskExitCritical
    tmbox.o(i.tMboxWait) refers to tevent.o(i.tEventWait) for tEventWait
    tmbox.o(i.tMboxWait) refers to main.o(i.tTaskSched) for tTaskSched
    tmbox.o(i.tMboxWait) refers to main.o(.data) for currentTask
    tmemblock.o(i.tMemBlockDestroy) refers to switch.o(i.tTaskEnterCritical) for tTaskEnterCritical
    tmemblock.o(i.tMemBlockDestroy) refers to tevent.o(i.tEventRemoveAll) for tEventRemoveAll
    tmemblock.o(i.tMemBlockDestroy) refers to switch.o(i.tTaskExitCritical) for tTaskExitCritical
    tmemblock.o(i.tMemBlockDestroy) refers to main.o(i.tTaskSched) for tTaskSched
    tmemblock.o(i.tMemBlockGetInfo) refers to switch.o(i.tTaskEnterCritical) for tTaskEnterCritical
    tmemblock.o(i.tMemBlockGetInfo) refers to tlist.o(i.tListCount) for tListCount
    tmemblock.o(i.tMemBlockGetInfo) refers to tevent.o(i.tEventWaitCount) for tEventWaitCount
    tmemblock.o(i.tMemBlockGetInfo) refers to switch.o(i.tTaskExitCritical) for tTaskExitCritical
    tmemblock.o(i.tMemBlockInit) refers to tevent.o(i.tEventInit) for tEventInit
    tmemblock.o(i.tMemBlockInit) refers to tlist.o(i.tListInit) for tListInit
    tmemblock.o(i.tMemBlockInit) refers to tlist.o(i.tNodeInit) for tNodeInit
    tmemblock.o(i.tMemBlockInit) refers to tlist.o(i.tListAddLast) for tListAddLast
    tmemblock.o(i.tMemBlockNoWaitGet) refers to switch.o(i.tTaskEnterCritical) for tTaskEnterCritical
    tmemblock.o(i.tMemBlockNoWaitGet) refers to tlist.o(i.tListCount) for tListCount
    tmemblock.o(i.tMemBlockNoWaitGet) refers to tlist.o(i.tListRemoveFirst) for tListRemoveFirst
    tmemblock.o(i.tMemBlockNoWaitGet) refers to switch.o(i.tTaskExitCritical) for tTaskExitCritical
    tmemblock.o(i.tMemBlockNotify) refers to switch.o(i.tTaskEnterCritical) for tTaskEnterCritical
    tmemblock.o(i.tMemBlockNotify) refers to tevent.o(i.tEventWaitCount) for tEventWaitCount
    tmemblock.o(i.tMemBlockNotify) refers to tevent.o(i.tEventWakeUp) for tEventWakeUp
    tmemblock.o(i.tMemBlockNotify) refers to tlist.o(i.tListAddLast) for tListAddLast
    tmemblock.o(i.tMemBlockNotify) refers to switch.o(i.tTaskExitCritical) for tTaskExitCritical
    tmemblock.o(i.tMemBlockNotify) refers to main.o(.data) for currentTask
    tmemblock.o(i.tMemBlockWait) refers to switch.o(i.tTaskEnterCritical) for tTaskEnterCritical
    tmemblock.o(i.tMemBlockWait) refers to tlist.o(i.tListCount) for tListCount
    tmemblock.o(i.tMemBlockWait) refers to tlist.o(i.tListRemoveFirst) for tListRemoveFirst
    tmemblock.o(i.tMemBlockWait) refers to switch.o(i.tTaskExitCritical) for tTaskExitCritical
    tmemblock.o(i.tMemBlockWait) refers to tevent.o(i.tEventWait) for tEventWait
    tmemblock.o(i.tMemBlockWait) refers to main.o(i.tTaskSched) for tTaskSched
    tmemblock.o(i.tMemBlockWait) refers to main.o(.data) for currentTask
    tflaggroup.o(i.tFlagGroupDestroy) refers to switch.o(i.tTaskEnterCritical) for tTaskEnterCritical
    tflaggroup.o(i.tFlagGroupDestroy) refers to tevent.o(i.tEventRemoveAll) for tEventRemoveAll
    tflaggroup.o(i.tFlagGroupDestroy) refers to switch.o(i.tTaskExitCritical) for tTaskExitCritical
    tflaggroup.o(i.tFlagGroupDestroy) refers to main.o(i.tTaskSched) for tTaskSched
    tflaggroup.o(i.tFlagGroupGetInfo) refers to switch.o(i.tTaskEnterCritical) for tTaskEnterCritical
    tflaggroup.o(i.tFlagGroupGetInfo) refers to tevent.o(i.tEventWaitCount) for tEventWaitCount
    tflaggroup.o(i.tFlagGroupGetInfo) refers to switch.o(i.tTaskExitCritical) for tTaskExitCritical
    tflaggroup.o(i.tFlagGroupInit) refers to tevent.o(i.tEventInit) for tEventInit
    tflaggroup.o(i.tFlagGroupNoWaitGet) refers to switch.o(i.tTaskEnterCritical) for tTaskEnterCritical
    tflaggroup.o(i.tFlagGroupNoWaitGet) refers to tflaggroup.o(i.tFlagGroupCheckAndConsume) for tFlagGroupCheckAndConsume
    tflaggroup.o(i.tFlagGroupNoWaitGet) refers to switch.o(i.tTaskExitCritical) for tTaskExitCritical
    tflaggroup.o(i.tFlagGroupNotify) refers to switch.o(i.tTaskEnterCritical) for tTaskEnterCritical
    tflaggroup.o(i.tFlagGroupNotify) refers to tflaggroup.o(i.tFlagGroupCheckAndConsume) for tFlagGroupCheckAndConsume
    tflaggroup.o(i.tFlagGroupNotify) refers to tevent.o(i.tEventWakeUpTask) for tEventWakeUpTask
    tflaggroup.o(i.tFlagGroupNotify) refers to main.o(i.tTaskSched) for tTaskSched
    tflaggroup.o(i.tFlagGroupNotify) refers to switch.o(i.tTaskExitCritical) for tTaskExitCritical
    tflaggroup.o(i.tFlagGroupWait) refers to switch.o(i.tTaskEnterCritical) for tTaskEnterCritical
    tflaggroup.o(i.tFlagGroupWait) refers to tflaggroup.o(i.tFlagGroupCheckAndConsume) for tFlagGroupCheckAndConsume
    tflaggroup.o(i.tFlagGroupWait) refers to tevent.o(i.tEventWait) for tEventWait
    tflaggroup.o(i.tFlagGroupWait) refers to switch.o(i.tTaskExitCritical) for tTaskExitCritical
    tflaggroup.o(i.tFlagGroupWait) refers to main.o(i.tTaskSched) for tTaskSched
    tflaggroup.o(i.tFlagGroupWait) refers to main.o(.data) for currentTask
    startup_armcm3.o(i.Reset_Handler) refers to system_armcm3.o(i.SystemInit) for SystemInit
    startup_armcm3.o(i.Reset_Handler) refers to __main.o(!!!main) for __main
    startup_armcm3.o(RESET) refers to startup_armcm3.o(i.Reset_Handler) for Reset_Handler
    startup_armcm3.o(RESET) refers to startup_armcm3.o(i.Default_Handler) for NMI_Handler
    startup_armcm3.o(RESET) refers to startup_armcm3.o(i.HardFault_Handler) for HardFault_Handler
    startup_armcm3.o(RESET) refers to switch.o(.emb_text) for PendSV_Handler
    startup_armcm3.o(RESET) refers to tcpu.o(i.SysTick_Handler) for SysTick_Handler
    system_armcm3.o(i.SystemCoreClockUpdate) refers to system_armcm3.o(.data) for SystemCoreClock
    system_armcm3.o(i.SystemInit) refers to startup_armcm3.o(RESET) for __Vectors
    system_armcm3.o(i.SystemInit) refers to system_armcm3.o(.data) for SystemCoreClock
    __main.o(!!!main) refers to __rtentry.o(.ARM.Collect$$rtentry$$00000000) for __rt_entry
    __rtentry.o(.ARM.Collect$$rtentry$$00000000) refers (Special) to __rtentry2.o(.ARM.Collect$$rtentry$$0000000A) for __rt_entry_li
    __rtentry.o(.ARM.Collect$$rtentry$$00000000) refers (Special) to __rtentry2.o(.ARM.Collect$$rtentry$$0000000D) for __rt_entry_main
    __rtentry.o(.ARM.Collect$$rtentry$$00000000) refers (Special) to __rtentry2.o(.ARM.Collect$$rtentry$$0000000C) for __rt_entry_postli_1
    __rtentry.o(.ARM.Collect$$rtentry$$00000000) refers (Special) to __rtentry2.o(.ARM.Collect$$rtentry$$00000009) for __rt_entry_postsh_1
    __rtentry.o(.ARM.Collect$$rtentry$$00000000) refers (Special) to __rtentry2.o(.ARM.Collect$$rtentry$$00000002) for __rt_entry_presh_1
    __rtentry.o(.ARM.Collect$$rtentry$$00000000) refers (Special) to __rtentry7.o(.ARM.Collect$$rtentry$$00000007) for __rt_entry_sh
    __rtentry2.o(.ARM.Collect$$rtentry$$00000008) refers to boardinit2.o(.text) for _platform_post_stackheap_init
    __rtentry2.o(.ARM.Collect$$rtentry$$0000000A) refers to libinit.o(.ARM.Collect$$libinit$$00000000) for __rt_lib_init
    __rtentry2.o(.ARM.Collect$$rtentry$$0000000B) refers to boardinit3.o(.text) for _platform_post_lib_init
    __rtentry2.o(.ARM.Collect$$rtentry$$0000000D) refers to main.o(i.main) for main
    __rtentry2.o(.ARM.Collect$$rtentry$$0000000D) refers to exit.o(.text) for exit
    __rtentry2.o(.ARM.exidx) refers to __rtentry2.o(.ARM.Collect$$rtentry$$00000001) for .ARM.Collect$$rtentry$$00000001
    __rtentry2.o(.ARM.exidx) refers to __rtentry2.o(.ARM.Collect$$rtentry$$00000008) for .ARM.Collect$$rtentry$$00000008
    __rtentry2.o(.ARM.exidx) refers to __rtentry2.o(.ARM.Collect$$rtentry$$0000000A) for .ARM.Collect$$rtentry$$0000000A
    __rtentry2.o(.ARM.exidx) refers to __rtentry2.o(.ARM.Collect$$rtentry$$0000000B) for .ARM.Collect$$rtentry$$0000000B
    __rtentry2.o(.ARM.exidx) refers to __rtentry2.o(.ARM.Collect$$rtentry$$0000000D) for .ARM.Collect$$rtentry$$0000000D
    __rtentry4.o(.ARM.Collect$$rtentry$$00000004) refers to sys_stackheap_outer.o(.text) for __user_setup_stackheap
    __rtentry4.o(.ARM.exidx) refers to __rtentry4.o(.ARM.Collect$$rtentry$$00000004) for .ARM.Collect$$rtentry$$00000004
    __rtentry7.o(.ARM.Collect$$rtentry$$00000007) refers to __rtentry7.o(.ARM.Collect$$rtentry$$00002718) for __lit__00000000
    __rtentry7.o(__vectab_stack_and_reset_2_area) refers to __main.o(!!!main) for __main
    __rtentry7.o(.ARM.exidx) refers to __rtentry7.o(.ARM.Collect$$rtentry$$00000007) for .ARM.Collect$$rtentry$$00000007
    __rtentry7.o(.ARM.exidx) refers to __rtentry7.o(.ARM.Collect$$rtentry$$00002718) for .ARM.Collect$$rtentry$$00002718
    sys_stackheap_outer.o(.text) refers to libspace.o(.text) for __user_perproc_libspace
    sys_stackheap_outer.o(.text) refers to sys_stackheap.o(.text) for __user_initial_stackheap
    exit.o(.text) refers to rtexit.o(.ARM.Collect$$rtexit$$00000000) for __rt_exit
    libinit.o(.ARM.Collect$$libinit$$00000000) refers (Special) to libinit2.o(.ARM.Collect$$libinit$$0000002E) for __rt_lib_init_alloca_1
    libinit.o(.ARM.Collect$$libinit$$00000000) refers (Special) to libinit2.o(.ARM.Collect$$libinit$$0000002C) for __rt_lib_init_argv_1
    libinit.o(.ARM.Collect$$libinit$$00000000) refers (Special) to libinit2.o(.ARM.Collect$$libinit$$0000001B) for __rt_lib_init_atexit_1
    libinit.o(.ARM.Collect$$libinit$$00000000) refers (Special) to libinit2.o(.ARM.Collect$$libinit$$00000021) for __rt_lib_init_clock_1
    libinit.o(.ARM.Collect$$libinit$$00000000) refers (Special) to libinit2.o(.ARM.Collect$$libinit$$00000032) for __rt_lib_init_cpp_1
    libinit.o(.ARM.Collect$$libinit$$00000000) refers (Special) to libinit2.o(.ARM.Collect$$libinit$$00000030) for __rt_lib_init_exceptions_1
    libinit.o(.ARM.Collect$$libinit$$00000000) refers (Special) to libinit2.o(.ARM.Collect$$libinit$$00000002) for __rt_lib_init_fp_1
    libinit.o(.ARM.Collect$$libinit$$00000000) refers (Special) to libinit2.o(.ARM.Collect$$libinit$$0000001F) for __rt_lib_init_fp_trap_1
    libinit.o(.ARM.Collect$$libinit$$00000000) refers (Special) to libinit2.o(.ARM.Collect$$libinit$$00000023) for __rt_lib_init_getenv_1
    libinit.o(.ARM.Collect$$libinit$$00000000) refers (Special) to libinit2.o(.ARM.Collect$$libinit$$0000000A) for __rt_lib_init_heap_1
    libinit.o(.ARM.Collect$$libinit$$00000000) refers (Special) to libinit2.o(.ARM.Collect$$libinit$$00000011) for __rt_lib_init_lc_collate_1
    libinit.o(.ARM.Collect$$libinit$$00000000) refers (Special) to libinit2.o(.ARM.Collect$$libinit$$00000013) for __rt_lib_init_lc_ctype_1
    libinit.o(.ARM.Collect$$libinit$$00000000) refers (Special) to libinit2.o(.ARM.Collect$$libinit$$00000015) for __rt_lib_init_lc_monetary_1
    libinit.o(.ARM.Collect$$libinit$$00000000) refers (Special) to libinit2.o(.ARM.Collect$$libinit$$00000017) for __rt_lib_init_lc_numeric_1
    libinit.o(.ARM.Collect$$libinit$$00000000) refers (Special) to libinit2.o(.ARM.Collect$$libinit$$00000019) for __rt_lib_init_lc_time_1
    libinit.o(.ARM.Collect$$libinit$$00000000) refers (Special) to libinit2.o(.ARM.Collect$$libinit$$00000004) for __rt_lib_init_preinit_1
    libinit.o(.ARM.Collect$$libinit$$00000000) refers (Special) to libinit2.o(.ARM.Collect$$libinit$$0000000E) for __rt_lib_init_rand_1
    libinit.o(.ARM.Collect$$libinit$$00000000) refers (Special) to libinit2.o(.ARM.Collect$$libinit$$00000033) for __rt_lib_init_return
    libinit.o(.ARM.Collect$$libinit$$00000000) refers (Special) to libinit2.o(.ARM.Collect$$libinit$$0000001D) for __rt_lib_init_signal_1
    libinit.o(.ARM.Collect$$libinit$$00000000) refers (Special) to libinit2.o(.ARM.Collect$$libinit$$00000025) for __rt_lib_init_stdio_1
    libinit.o(.ARM.Collect$$libinit$$00000000) refers (Special) to libinit2.o(.ARM.Collect$$libinit$$0000000C) for __rt_lib_init_user_alloc_1
    libspace.o(.text) refers to libspace.o(.bss) for __libspace_start
    sys_stackheap.o(.text) refers (Special) to indicate_semi.o(.text) for __semihosting_library_function
    sys_stackheap.o(.text) refers to use_no_semi.o(.text) for __I$use$semihosting
    rtexit.o(.ARM.Collect$$rtexit$$00000000) refers (Special) to rtexit2.o(.ARM.Collect$$rtexit$$00000004) for __rt_exit_exit
    rtexit.o(.ARM.Collect$$rtexit$$00000000) refers (Special) to rtexit2.o(.ARM.Collect$$rtexit$$00000003) for __rt_exit_ls
    rtexit.o(.ARM.Collect$$rtexit$$00000000) refers (Special) to rtexit2.o(.ARM.Collect$$rtexit$$00000002) for __rt_exit_prels_1
    rtexit.o(.ARM.exidx) refers (Special) to rtexit2.o(.ARM.Collect$$rtexit$$00000004) for __rt_exit_exit
    rtexit.o(.ARM.exidx) refers (Special) to rtexit2.o(.ARM.Collect$$rtexit$$00000003) for __rt_exit_ls
    rtexit.o(.ARM.exidx) refers (Special) to rtexit2.o(.ARM.Collect$$rtexit$$00000002) for __rt_exit_prels_1
    rtexit.o(.ARM.exidx) refers to rtexit.o(.ARM.Collect$$rtexit$$00000000) for .ARM.Collect$$rtexit$$00000000
    libinit2.o(.ARM.Collect$$libinit$$00000010) refers to libinit2.o(.ARM.Collect$$libinit$$0000000F) for .ARM.Collect$$libinit$$0000000F
    libinit2.o(.ARM.Collect$$libinit$$00000012) refers to libinit2.o(.ARM.Collect$$libinit$$0000000F) for .ARM.Collect$$libinit$$0000000F
    libinit2.o(.ARM.Collect$$libinit$$00000014) refers to libinit2.o(.ARM.Collect$$libinit$$0000000F) for .ARM.Collect$$libinit$$0000000F
    libinit2.o(.ARM.Collect$$libinit$$00000016) refers to libinit2.o(.ARM.Collect$$libinit$$0000000F) for .ARM.Collect$$libinit$$0000000F
    libinit2.o(.ARM.Collect$$libinit$$00000018) refers to libinit2.o(.ARM.Collect$$libinit$$0000000F) for .ARM.Collect$$libinit$$0000000F
    libinit2.o(.ARM.Collect$$libinit$$00000026) refers to argv_veneer.o(.emb_text) for __ARM_argv_veneer
    libinit2.o(.ARM.Collect$$libinit$$00000027) refers to argv_veneer.o(.emb_text) for __ARM_argv_veneer
    libinit5.o(.ARM.Collect$$libinit$$00000008) refers to libinit5.o(.ARM.Collect$$libinit$$00002719) for __lit__00000000
    libinit5.o(.ARM.Collect$$libinit$$0000002A) refers to libinit5.o(.ARM.Collect$$libinit$$0000273B) for __lit__00000002
    libinit5.o(.ARM.Collect$$libinit$$0000002A) refers to argv_veneer.o(.emb_text) for __ARM_argv_veneer
    rtexit2.o(.ARM.Collect$$rtexit$$00000003) refers to libshutdown.o(.ARM.Collect$$libshutdown$$00000000) for __rt_lib_shutdown
    rtexit2.o(.ARM.Collect$$rtexit$$00000004) refers to sys_exit.o(.text) for _sys_exit
    rtexit2.o(.ARM.exidx) refers to rtexit2.o(.ARM.Collect$$rtexit$$00000001) for .ARM.Collect$$rtexit$$00000001
    rtexit2.o(.ARM.exidx) refers to rtexit2.o(.ARM.Collect$$rtexit$$00000003) for .ARM.Collect$$rtexit$$00000003
    rtexit2.o(.ARM.exidx) refers to rtexit2.o(.ARM.Collect$$rtexit$$00000004) for .ARM.Collect$$rtexit$$00000004
    argv_veneer.o(.emb_text) refers to no_argv.o(.text) for __ARM_get_argv
    sys_exit.o(.text) refers (Special) to use_no_semi.o(.text) for __I$use$semihosting
    sys_exit.o(.text) refers (Special) to indicate_semi.o(.text) for __semihosting_library_function
    _get_argv_nomalloc.o(.text) refers (Special) to hrguard.o(.text) for __heap_region$guard
    _get_argv_nomalloc.o(.text) refers to defsig_rtmem_outer.o(.text) for __rt_SIGRTMEM
    _get_argv_nomalloc.o(.text) refers to sys_command.o(.text) for _sys_command_string
    libshutdown.o(.ARM.Collect$$libshutdown$$00000000) refers (Special) to libshutdown2.o(.ARM.Collect$$libshutdown$$00000004) for __rt_lib_shutdown_cpp_1
    libshutdown.o(.ARM.Collect$$libshutdown$$00000000) refers (Special) to libshutdown2.o(.ARM.Collect$$libshutdown$$00000002) for __rt_lib_shutdown_fini_1
    libshutdown.o(.ARM.Collect$$libshutdown$$00000000) refers (Special) to libshutdown2.o(.ARM.Collect$$libshutdown$$00000009) for __rt_lib_shutdown_fp_trap_1
    libshutdown.o(.ARM.Collect$$libshutdown$$00000000) refers (Special) to libshutdown2.o(.ARM.Collect$$libshutdown$$00000011) for __rt_lib_shutdown_heap_1
    libshutdown.o(.ARM.Collect$$libshutdown$$00000000) refers (Special) to libshutdown2.o(.ARM.Collect$$libshutdown$$00000012) for __rt_lib_shutdown_return
    libshutdown.o(.ARM.Collect$$libshutdown$$00000000) refers (Special) to libshutdown2.o(.ARM.Collect$$libshutdown$$0000000C) for __rt_lib_shutdown_signal_1
    libshutdown.o(.ARM.Collect$$libshutdown$$00000000) refers (Special) to libshutdown2.o(.ARM.Collect$$libshutdown$$00000006) for __rt_lib_shutdown_stdio_1
    libshutdown.o(.ARM.Collect$$libshutdown$$00000000) refers (Special) to libshutdown2.o(.ARM.Collect$$libshutdown$$0000000E) for __rt_lib_shutdown_user_alloc_1
    sys_command.o(.text) refers (Special) to use_no_semi.o(.text) for __I$use$semihosting
    sys_command.o(.text) refers (Special) to indicate_semi.o(.text) for __semihosting_library_function
    defsig_rtmem_outer.o(.text) refers to defsig_rtmem_inner.o(.text) for __rt_SIGRTMEM_inner
    defsig_rtmem_outer.o(.text) refers to defsig_exit.o(.text) for __sig_exit
    defsig_rtmem_formal.o(.text) refers to rt_raise.o(.text) for __rt_raise
    rt_raise.o(.text) refers to __raise.o(.text) for __raise
    rt_raise.o(.text) refers to sys_exit.o(.text) for _sys_exit
    defsig_exit.o(.text) refers to sys_exit.o(.text) for _sys_exit
    defsig_rtmem_inner.o(.text) refers to defsig_general.o(.text) for __default_signal_display
    __raise.o(.text) refers to defsig.o(CL$$defsig) for __default_signal_handler
    defsig_general.o(.text) refers to sys_wrch.o(.text) for _ttywrch
    sys_wrch.o(.text) refers (Special) to use_no_semi.o(.text) for __I$use$semihosting
    sys_wrch.o(.text) refers (Special) to indicate_semi.o(.text) for __semihosting_library_function
    defsig.o(CL$$defsig) refers to defsig_rtmem_inner.o(.text) for __rt_SIGRTMEM_inner
    defsig_abrt_inner.o(.text) refers to defsig_general.o(.text) for __default_signal_display
    defsig_fpe_inner.o(.text) refers to defsig_general.o(.text) for __default_signal_display
    defsig_rtred_inner.o(.text) refers to defsig_general.o(.text) for __default_signal_display
    defsig_stak_inner.o(.text) refers to defsig_general.o(.text) for __default_signal_display
    defsig_pvfn_inner.o(.text) refers to defsig_general.o(.text) for __default_signal_display
    defsig_cppl_inner.o(.text) refers to defsig_general.o(.text) for __default_signal_display
    defsig_segv_inner.o(.text) refers to defsig_general.o(.text) for __default_signal_display
    defsig_other.o(.text) refers to defsig_general.o(.text) for __default_signal_display


==============================================================================

Removing Unused input sections from the image.

    Removing main.o(.rev16_text), (4 bytes).
    Removing main.o(.revsh_text), (4 bytes).
    Removing main.o(.rrx_text), (6 bytes).
    Removing main.o(i.tTaskSchedDisable), (40 bytes).
    Removing main.o(i.tTaskSchedEnable), (40 bytes).
    Removing main.o(i.tTaskSchedRemove), (60 bytes).
    Removing main.o(i.tTimeTaskRemove), (20 bytes).
    Removing switch.o(.rev16_text), (4 bytes).
    Removing switch.o(.revsh_text), (4 bytes).
    Removing switch.o(.rrx_text), (6 bytes).
    Removing tlist.o(i.tListInsetAfter), (20 bytes).
    Removing tlist.o(i.tListLast), (12 bytes).
    Removing tlist.o(i.tListNext), (16 bytes).
    Removing tlist.o(i.tListPre), (16 bytes).
    Removing tlist.o(i.tListRemoveAll), (32 bytes).
    Removing ttask.o(i.tTaskDeleteSelf), (56 bytes).
    Removing ttask.o(i.tTaskForceDelete), (76 bytes).
    Removing ttask.o(i.tTaskGetInfo), (40 bytes).
    Removing ttask.o(i.tTaskIsRequestedDeleted), (32 bytes).
    Removing ttask.o(i.tTaskRequestDelete), (24 bytes).
    Removing ttask.o(i.tTaskSetCleanCallFunc), (6 bytes).
    Removing ttask.o(i.tTaskSuspend), (68 bytes).
    Removing ttask.o(i.tTaskWakeUp), (52 bytes).
    Removing tcpu.o(.rev16_text), (4 bytes).
    Removing tcpu.o(.revsh_text), (4 bytes).
    Removing tcpu.o(.rrx_text), (6 bytes).
    Removing tevent.o(i.tEventRemoveAll), (90 bytes).
    Removing tevent.o(i.tEventWaitCount), (30 bytes).
    Removing tevent.o(i.tEventWakeUp), (78 bytes).
    Removing tsem.o(i.tSemDestory), (42 bytes).
    Removing tsem.o(i.tSemGetInfo), (36 bytes).
    Removing tsem.o(i.tSemInit), (38 bytes).
    Removing tsem.o(i.tSemNoWaitGet), (40 bytes).
    Removing tsem.o(i.tSemNotify), (84 bytes).
    Removing tsem.o(i.tSemWait), (72 bytes).
    Removing tmbox.o(i.tMboxDestory), (38 bytes).
    Removing tmbox.o(i.tMboxFlush), (34 bytes).
    Removing tmbox.o(i.tMboxGetInfo), (36 bytes).
    Removing tmbox.o(i.tMboxInit), (30 bytes).
    Removing tmbox.o(i.tMboxNoWaitGet), (68 bytes).
    Removing tmbox.o(i.tMboxNotify), (152 bytes).
    Removing tmbox.o(i.tMboxWait), (108 bytes).
    Removing tmemblock.o(i.tMemBlockDestroy), (38 bytes).
    Removing tmemblock.o(i.tMemBlockGetInfo), (46 bytes).
    Removing tmemblock.o(i.tMemBlockInit), (78 bytes).
    Removing tmemblock.o(i.tMemBlockNoWaitGet), (54 bytes).
    Removing tmemblock.o(i.tMemBlockNotify), (76 bytes).
    Removing tmemblock.o(i.tMemBlockWait), (92 bytes).
    Removing tflaggroup.o(i.tFlagGroupDestroy), (38 bytes).
    Removing tflaggroup.o(i.tFlagGroupGetInfo), (32 bytes).
    Removing startup_armcm3.o(.rev16_text), (4 bytes).
    Removing startup_armcm3.o(.revsh_text), (4 bytes).
    Removing startup_armcm3.o(.rrx_text), (6 bytes).
    Removing system_armcm3.o(.rev16_text), (4 bytes).
    Removing system_armcm3.o(.revsh_text), (4 bytes).
    Removing system_armcm3.o(.rrx_text), (6 bytes).
    Removing system_armcm3.o(i.SystemCoreClockUpdate), (16 bytes).

57 unused section(s) (total 2126 bytes) removed from the image.

==============================================================================

Image Symbol Table

    Local Symbols

    Symbol Name                              Value     Ov Type        Size  Object(Section)

    RESET                                    0x00000000   Section      960  startup_armcm3.o(RESET)
    ../clib/angel/boardlib.s                 0x00000000   Number         0  boardinit3.o ABSOLUTE
    ../clib/angel/boardlib.s                 0x00000000   Number         0  boardshut.o ABSOLUTE
    ../clib/angel/boardlib.s                 0x00000000   Number         0  boardinit1.o ABSOLUTE
    ../clib/angel/boardlib.s                 0x00000000   Number         0  boardinit2.o ABSOLUTE
    ../clib/angel/handlers.s                 0x00000000   Number         0  __scatter_copy.o ABSOLUTE
    ../clib/angel/handlers.s                 0x00000000   Number         0  __scatter_zi.o ABSOLUTE
    ../clib/angel/kernel.s                   0x00000000   Number         0  rtexit.o ABSOLUTE
    ../clib/angel/kernel.s                   0x00000000   Number         0  rtexit2.o ABSOLUTE
    ../clib/angel/kernel.s                   0x00000000   Number         0  __rtentry4.o ABSOLUTE
    ../clib/angel/kernel.s                   0x00000000   Number         0  __rtentry.o ABSOLUTE
    ../clib/angel/kernel.s                   0x00000000   Number         0  __rtentry7.o ABSOLUTE
    ../clib/angel/kernel.s                   0x00000000   Number         0  __rtentry2.o ABSOLUTE
    ../clib/angel/rt.s                       0x00000000   Number         0  rt_raise.o ABSOLUTE
    ../clib/angel/scatter.s                  0x00000000   Number         0  __scatter.o ABSOLUTE
    ../clib/angel/startup.s                  0x00000000   Number         0  __main.o ABSOLUTE
    ../clib/angel/sys.s                      0x00000000   Number         0  sys_stackheap.o ABSOLUTE
    ../clib/angel/sys.s                      0x00000000   Number         0  use_no_semi.o ABSOLUTE
    ../clib/angel/sys.s                      0x00000000   Number         0  indicate_semi.o ABSOLUTE
    ../clib/angel/sys.s                      0x00000000   Number         0  sys_stackheap_outer.o ABSOLUTE
    ../clib/angel/sys.s                      0x00000000   Number         0  libspace.o ABSOLUTE
    ../clib/angel/sysapp.c                   0x00000000   Number         0  sys_wrch.o ABSOLUTE
    ../clib/angel/sysapp.c                   0x00000000   Number         0  sys_exit.o ABSOLUTE
    ../clib/angel/sysapp.c                   0x00000000   Number         0  sys_command.o ABSOLUTE
    ../clib/armsys.c                         0x00000000   Number         0  argv_veneer.o ABSOLUTE
    ../clib/armsys.c                         0x00000000   Number         0  argv_veneer.o ABSOLUTE
    ../clib/armsys.c                         0x00000000   Number         0  _get_argv_nomalloc.o ABSOLUTE
    ../clib/armsys.c                         0x00000000   Number         0  no_argv.o ABSOLUTE
    ../clib/heapalloc.c                      0x00000000   Number         0  hrguard.o ABSOLUTE
    ../clib/libinit.s                        0x00000000   Number         0  libinit.o ABSOLUTE
    ../clib/libinit.s                        0x00000000   Number         0  libinit5.o ABSOLUTE
    ../clib/libinit.s                        0x00000000   Number         0  libshutdown.o ABSOLUTE
    ../clib/libinit.s                        0x00000000   Number         0  libinit2.o ABSOLUTE
    ../clib/libinit.s                        0x00000000   Number         0  libshutdown2.o ABSOLUTE
    ../clib/signal.c                         0x00000000   Number         0  defsig_general.o ABSOLUTE
    ../clib/signal.c                         0x00000000   Number         0  __raise.o ABSOLUTE
    ../clib/signal.c                         0x00000000   Number         0  defsig_rtmem_inner.o ABSOLUTE
    ../clib/signal.c                         0x00000000   Number         0  defsig_exit.o ABSOLUTE
    ../clib/signal.c                         0x00000000   Number         0  defsig_rtmem_outer.o ABSOLUTE
    ../clib/signal.c                         0x00000000   Number         0  defsig_rtred_inner.o ABSOLUTE
    ../clib/signal.c                         0x00000000   Number         0  defsig_abrt_inner.o ABSOLUTE
    ../clib/signal.c                         0x00000000   Number         0  defsig_fpe_inner.o ABSOLUTE
    ../clib/signal.c                         0x00000000   Number         0  defsig_stak_inner.o ABSOLUTE
    ../clib/signal.c                         0x00000000   Number         0  defsig_pvfn_inner.o ABSOLUTE
    ../clib/signal.c                         0x00000000   Number         0  defsig_cppl_inner.o ABSOLUTE
    ../clib/signal.c                         0x00000000   Number         0  defsig_segv_inner.o ABSOLUTE
    ../clib/signal.c                         0x00000000   Number         0  defsig_other.o ABSOLUTE
    ../clib/signal.c                         0x00000000   Number         0  defsig_rtmem_formal.o ABSOLUTE
    ../clib/signal.s                         0x00000000   Number         0  defsig.o ABSOLUTE
    ../clib/stdlib.c                         0x00000000   Number         0  exit.o ABSOLUTE
    ../fplib/fpinit.s                        0x00000000   Number         0  fpinit.o ABSOLUTE
    RTE\Device\ARMCM3\startup_ARMCM3.c       0x00000000   Number         0  startup_armcm3.o ABSOLUTE
    RTE\Device\ARMCM3\system_ARMCM3.c        0x00000000   Number         0  system_armcm3.o ABSOLUTE
    RTE\\Device\\ARMCM3\\startup_ARMCM3.c    0x00000000   Number         0  startup_armcm3.o ABSOLUTE
    RTE\\Device\\ARMCM3\\system_ARMCM3.c     0x00000000   Number         0  system_armcm3.o ABSOLUTE
    Source\\tCpu.c                           0x00000000   Number         0  tcpu.o ABSOLUTE
    Source\app.c                             0x00000000   Number         0  app.o ABSOLUTE
    Source\tCpu.c                            0x00000000   Number         0  tcpu.o ABSOLUTE
    Source\tEvent.c                          0x00000000   Number         0  tevent.o ABSOLUTE
    Source\tFlagGroup.c                      0x00000000   Number         0  tflaggroup.o ABSOLUTE
    Source\tList.c                           0x00000000   Number         0  tlist.o ABSOLUTE
    Source\tMbox.c                           0x00000000   Number         0  tmbox.o ABSOLUTE
    Source\tMemBlock.c                       0x00000000   Number         0  tmemblock.o ABSOLUTE
    Source\tSem.c                            0x00000000   Number         0  tsem.o ABSOLUTE
    Source\tTask.c                           0x00000000   Number         0  ttask.o ABSOLUTE
    Source\tTime.c                           0x00000000   Number         0  ttime.o ABSOLUTE
    __tagsym$$used                           0x00000000   Number         0  startup_armcm3.o(RESET)
    dc.s                                     0x00000000   Number         0  dc.o ABSOLUTE
    source\\main.c                           0x00000000   Number         0  main.o ABSOLUTE
    source\\switch.c                         0x00000000   Number         0  switch.o ABSOLUTE
    source\main.c                            0x00000000   Number         0  main.o ABSOLUTE
    source\switch.c                          0x00000000   Number         0  switch.o ABSOLUTE
    source\tbitmap.c                         0x00000000   Number         0  tbitmap.o ABSOLUTE
    !!!main                                  0x000003c0   Section        8  __main.o(!!!main)
    !!!scatter                               0x000003c8   Section       52  __scatter.o(!!!scatter)
    !!handler_copy                           0x000003fc   Section       26  __scatter_copy.o(!!handler_copy)
    !!handler_zi                             0x00000418   Section       28  __scatter_zi.o(!!handler_zi)
    .ARM.Collect$$libinit$$00000000          0x00000434   Section        2  libinit.o(.ARM.Collect$$libinit$$00000000)
    .ARM.Collect$$libinit$$00000002          0x00000436   Section        0  libinit2.o(.ARM.Collect$$libinit$$00000002)
    .ARM.Collect$$libinit$$00000004          0x00000436   Section        0  libinit2.o(.ARM.Collect$$libinit$$00000004)
    .ARM.Collect$$libinit$$0000000A          0x00000436   Section        0  libinit2.o(.ARM.Collect$$libinit$$0000000A)
    .ARM.Collect$$libinit$$0000000C          0x00000436   Section        0  libinit2.o(.ARM.Collect$$libinit$$0000000C)
    .ARM.Collect$$libinit$$0000000E          0x00000436   Section        0  libinit2.o(.ARM.Collect$$libinit$$0000000E)
    .ARM.Collect$$libinit$$00000011          0x00000436   Section        0  libinit2.o(.ARM.Collect$$libinit$$00000011)
    .ARM.Collect$$libinit$$00000013          0x00000436   Section        0  libinit2.o(.ARM.Collect$$libinit$$00000013)
    .ARM.Collect$$libinit$$00000015          0x00000436   Section        0  libinit2.o(.ARM.Collect$$libinit$$00000015)
    .ARM.Collect$$libinit$$00000017          0x00000436   Section        0  libinit2.o(.ARM.Collect$$libinit$$00000017)
    .ARM.Collect$$libinit$$00000019          0x00000436   Section        0  libinit2.o(.ARM.Collect$$libinit$$00000019)
    .ARM.Collect$$libinit$$0000001B          0x00000436   Section        0  libinit2.o(.ARM.Collect$$libinit$$0000001B)
    .ARM.Collect$$libinit$$0000001D          0x00000436   Section        0  libinit2.o(.ARM.Collect$$libinit$$0000001D)
    .ARM.Collect$$libinit$$0000001F          0x00000436   Section        0  libinit2.o(.ARM.Collect$$libinit$$0000001F)
    .ARM.Collect$$libinit$$00000021          0x00000436   Section        0  libinit2.o(.ARM.Collect$$libinit$$00000021)
    .ARM.Collect$$libinit$$00000023          0x00000436   Section        0  libinit2.o(.ARM.Collect$$libinit$$00000023)
    .ARM.Collect$$libinit$$00000025          0x00000436   Section        0  libinit2.o(.ARM.Collect$$libinit$$00000025)
    .ARM.Collect$$libinit$$0000002C          0x00000436   Section        0  libinit2.o(.ARM.Collect$$libinit$$0000002C)
    .ARM.Collect$$libinit$$0000002E          0x00000436   Section        0  libinit2.o(.ARM.Collect$$libinit$$0000002E)
    .ARM.Collect$$libinit$$00000030          0x00000436   Section        0  libinit2.o(.ARM.Collect$$libinit$$00000030)
    .ARM.Collect$$libinit$$00000032          0x00000436   Section        0  libinit2.o(.ARM.Collect$$libinit$$00000032)
    .ARM.Collect$$libinit$$00000033          0x00000436   Section        2  libinit2.o(.ARM.Collect$$libinit$$00000033)
    .ARM.Collect$$libshutdown$$00000000      0x00000438   Section        2  libshutdown.o(.ARM.Collect$$libshutdown$$00000000)
    .ARM.Collect$$libshutdown$$00000002      0x0000043a   Section        0  libshutdown2.o(.ARM.Collect$$libshutdown$$00000002)
    .ARM.Collect$$libshutdown$$00000004      0x0000043a   Section        0  libshutdown2.o(.ARM.Collect$$libshutdown$$00000004)
    .ARM.Collect$$libshutdown$$00000006      0x0000043a   Section        0  libshutdown2.o(.ARM.Collect$$libshutdown$$00000006)
    .ARM.Collect$$libshutdown$$00000009      0x0000043a   Section        0  libshutdown2.o(.ARM.Collect$$libshutdown$$00000009)
    .ARM.Collect$$libshutdown$$0000000C      0x0000043a   Section        0  libshutdown2.o(.ARM.Collect$$libshutdown$$0000000C)
    .ARM.Collect$$libshutdown$$0000000E      0x0000043a   Section        0  libshutdown2.o(.ARM.Collect$$libshutdown$$0000000E)
    .ARM.Collect$$libshutdown$$00000011      0x0000043a   Section        0  libshutdown2.o(.ARM.Collect$$libshutdown$$00000011)
    .ARM.Collect$$libshutdown$$00000012      0x0000043a   Section        2  libshutdown2.o(.ARM.Collect$$libshutdown$$00000012)
    .ARM.Collect$$rtentry$$00000000          0x0000043c   Section        0  __rtentry.o(.ARM.Collect$$rtentry$$00000000)
    .ARM.Collect$$rtentry$$00000002          0x0000043c   Section        0  __rtentry2.o(.ARM.Collect$$rtentry$$00000002)
    .ARM.Collect$$rtentry$$00000007          0x0000043c   Section        4  __rtentry7.o(.ARM.Collect$$rtentry$$00000007)
    .ARM.Collect$$rtentry$$00000009          0x00000440   Section        0  __rtentry2.o(.ARM.Collect$$rtentry$$00000009)
    .ARM.Collect$$rtentry$$0000000A          0x00000440   Section        4  __rtentry2.o(.ARM.Collect$$rtentry$$0000000A)
    .ARM.Collect$$rtentry$$0000000C          0x00000444   Section        0  __rtentry2.o(.ARM.Collect$$rtentry$$0000000C)
    .ARM.Collect$$rtentry$$0000000D          0x00000444   Section        8  __rtentry2.o(.ARM.Collect$$rtentry$$0000000D)
    .ARM.Collect$$rtentry$$00002718          0x0000044c   Section        4  __rtentry7.o(.ARM.Collect$$rtentry$$00002718)
    __lit__00000000                          0x0000044c   Data           4  __rtentry7.o(.ARM.Collect$$rtentry$$00002718)
    .ARM.Collect$$rtexit$$00000000           0x00000450   Section        2  rtexit.o(.ARM.Collect$$rtexit$$00000000)
    .ARM.Collect$$rtexit$$00000002           0x00000452   Section        0  rtexit2.o(.ARM.Collect$$rtexit$$00000002)
    .ARM.Collect$$rtexit$$00000003           0x00000452   Section        4  rtexit2.o(.ARM.Collect$$rtexit$$00000003)
    .ARM.Collect$$rtexit$$00000004           0x00000456   Section        6  rtexit2.o(.ARM.Collect$$rtexit$$00000004)
    .emb_text                                0x0000045c   Section       48  switch.o(.emb_text)
    .text                                    0x0000048c   Section        0  exit.o(.text)
    .text                                    0x0000049e   Section        2  use_no_semi.o(.text)
    .text                                    0x000004a0   Section        0  indicate_semi.o(.text)
    .text                                    0x000004a0   Section        0  sys_exit.o(.text)
    i.Default_Handler                        0x000004ac   Section        0  startup_armcm3.o(i.Default_Handler)
    i.HardFault_Handler                      0x000004b0   Section        0  startup_armcm3.o(i.HardFault_Handler)
    i.Reset_Handler                          0x000004b4   Section        0  startup_armcm3.o(i.Reset_Handler)
    i.SysTick_Handler                        0x000004bc   Section        0  tcpu.o(i.SysTick_Handler)
    i.SystemInit                             0x000004c4   Section        0  system_armcm3.o(i.SystemInit)
    i.idleTaskEntry                          0x000004e4   Section        0  main.o(i.idleTaskEntry)
    i.main                                   0x000004e8   Section        0  main.o(i.main)
    i.tBitmapClear                           0x00000530   Section        0  tbitmap.o(i.tBitmapClear)
    i.tBitmapGetFirstSet                     0x0000053c   Section        0  tbitmap.o(i.tBitmapGetFirstSet)
    i.tBitmapInit                            0x00000598   Section        0  tbitmap.o(i.tBitmapInit)
    i.tBitmapPosCount                        0x0000059e   Section        0  tbitmap.o(i.tBitmapPosCount)
    i.tBitmapSet                             0x000005a2   Section        0  tbitmap.o(i.tBitmapSet)
    i.tEventInit                             0x000005ae   Section        0  tevent.o(i.tEventInit)
    i.tEventRemoveTask                       0x000005c0   Section        0  tevent.o(i.tEventRemoveTask)
    i.tEventWait                             0x000005f4   Section        0  tevent.o(i.tEventWait)
    i.tEventWakeUpTask                       0x0000063e   Section        0  tevent.o(i.tEventWakeUpTask)
    i.tFlagGroupCheckAndConsume              0x00000684   Section        0  tflaggroup.o(i.tFlagGroupCheckAndConsume)
    tFlagGroupCheckAndConsume                0x00000685   Thumb Code    86  tflaggroup.o(i.tFlagGroupCheckAndConsume)
    i.tFlagGroupInit                         0x000006da   Section        0  tflaggroup.o(i.tFlagGroupInit)
    i.tFlagGroupNoWaitGet                    0x000006ec   Section        0  tflaggroup.o(i.tFlagGroupNoWaitGet)
    i.tFlagGroupNotify                       0x0000071a   Section        0  tflaggroup.o(i.tFlagGroupNotify)
    i.tFlagGroupWait                         0x00000794   Section        0  tflaggroup.o(i.tFlagGroupWait)
    i.tInitApp                               0x00000808   Section        0  app.o(i.tInitApp)
    i.tListAddFirst                          0x00000884   Section        0  tlist.o(i.tListAddFirst)
    i.tListAddLast                           0x0000089c   Section        0  tlist.o(i.tListAddLast)
    i.tListCount                             0x000008b0   Section        0  tlist.o(i.tListCount)
    i.tListFirst                             0x000008b6   Section        0  tlist.o(i.tListFirst)
    i.tListInit                              0x000008c2   Section        0  tlist.o(i.tListInit)
    i.tListRemove                            0x000008cc   Section        0  tlist.o(i.tListRemove)
    i.tListRemoveFirst                       0x000008e0   Section        0  tlist.o(i.tListRemoveFirst)
    i.tNodeInit                              0x000008fa   Section        0  tlist.o(i.tNodeInit)
    i.tSetSysTickPeriod                      0x00000900   Section        0  tcpu.o(i.tSetSysTickPeriod)
    i.tTaskDealyedInit                       0x00000958   Section        0  main.o(i.tTaskDealyedInit)
    i.tTaskDelay                             0x00000968   Section        0  ttime.o(i.tTaskDelay)
    i.tTaskEnterCritical                     0x00000994   Section        0  switch.o(i.tTaskEnterCritical)
    i.tTaskExitCritical                      0x000009a0   Section        0  switch.o(i.tTaskExitCritical)
    i.tTaskHighestReady                      0x000009ac   Section        0  main.o(i.tTaskHighestReady)
    i.tTaskInit                              0x000009d4   Section        0  ttask.o(i.tTaskInit)
    i.tTaskRunFirst                          0x00000a94   Section        0  switch.o(i.tTaskRunFirst)
    i.tTaskSched                             0x00000ab0   Section        0  main.o(i.tTaskSched)
    i.tTaskSchedInit                         0x00000af0   Section        0  main.o(i.tTaskSchedInit)
    i.tTaskSchedRdy                          0x00000b24   Section        0  main.o(i.tTaskSchedRdy)
    i.tTaskSchedUnRdy                        0x00000b4c   Section        0  main.o(i.tTaskSchedUnRdy)
    i.tTaskSwitch                            0x00000b88   Section        0  switch.o(i.tTaskSwitch)
    i.tTaskSystemTickHandler                 0x00000b98   Section        0  main.o(i.tTaskSystemTickHandler)
    i.tTimeTaskWait                          0x00000c4c   Section        0  main.o(i.tTimeTaskWait)
    i.tTimeTaskWakeUp                        0x00000c6c   Section        0  main.o(i.tTimeTaskWakeUp)
    i.task1Entry                             0x00000c88   Section        0  app.o(i.task1Entry)
    i.task2Entry                             0x00000cc4   Section        0  app.o(i.task2Entry)
    i.task3Entry                             0x00000d04   Section        0  app.o(i.task3Entry)
    i.task4Entry                             0x00000d24   Section        0  app.o(i.task4Entry)
    .constdata                               0x00000d44   Section      256  tbitmap.o(.constdata)
    quickFindTable                           0x00000d44   Data         256  tbitmap.o(.constdata)
    .data                                    0x20000000   Section       17  main.o(.data)
    .data                                    0x20000014   Section       16  app.o(.data)
    .data                                    0x20000024   Section        4  system_armcm3.o(.data)
    .bss                                     0x20000028   Section     4564  main.o(.bss)
    .bss                                     0x200011fc   Section    16692  app.o(.bss)

    Global Symbols

    Symbol Name                              Value     Ov Type        Size  Object(Section)

    BuildAttributes$$THM_ISAv4$P$D$K$B$S$PE$A:L22UL41UL21$X:L11$S22US41US21$IEEE1$IW$USESV6$~STKCKD$USESV7$~SHL$OSPACE$ROPI$EBA8$UX$STANDARDLIB$REQ8$PRES8$EABIv2 0x00000000   Number         0  anon$$obj.o ABSOLUTE
    __ARM_use_no_argv                        0x00000000   Number         0  main.o ABSOLUTE
    __Vectors                                0x00000000   Data         960  startup_armcm3.o(RESET)
    Image$$ZI$$Limit                          - Undefined Weak Reference
    __ARM_exceptions_init                     - Undefined Weak Reference
    __alloca_initialize                       - Undefined Weak Reference
    __arm_fini_                               - Undefined Weak Reference
    __arm_preinit_                            - Undefined Weak Reference
    __cpp_initialize__aeabi_                  - Undefined Weak Reference
    __cxa_finalize                            - Undefined Weak Reference
    __rt_locale                               - Undefined Weak Reference
    __sigvec_lookup                           - Undefined Weak Reference
    _atexit_init                              - Undefined Weak Reference
    _call_atexit_fns                          - Undefined Weak Reference
    _clock_init                               - Undefined Weak Reference
    _fp_trap_init                             - Undefined Weak Reference
    _fp_trap_shutdown                         - Undefined Weak Reference
    _get_lc_collate                           - Undefined Weak Reference
    _get_lc_ctype                             - Undefined Weak Reference
    _get_lc_monetary                          - Undefined Weak Reference
    _get_lc_numeric                           - Undefined Weak Reference
    _get_lc_time                              - Undefined Weak Reference
    _getenv_init                              - Undefined Weak Reference
    _handle_redirection                       - Undefined Weak Reference
    _init_alloc                               - Undefined Weak Reference
    _init_user_alloc                          - Undefined Weak Reference
    _initio                                   - Undefined Weak Reference
    _rand_init                                - Undefined Weak Reference
    _signal_finish                            - Undefined Weak Reference
    _signal_init                              - Undefined Weak Reference
    _terminate_alloc                          - Undefined Weak Reference
    _terminate_user_alloc                     - Undefined Weak Reference
    _terminateio                              - Undefined Weak Reference
    __main                                   0x000003c1   Thumb Code     8  __main.o(!!!main)
    __scatterload                            0x000003c9   Thumb Code     0  __scatter.o(!!!scatter)
    __scatterload_rt2                        0x000003c9   Thumb Code    44  __scatter.o(!!!scatter)
    __scatterload_rt2_thumb_only             0x000003c9   Thumb Code     0  __scatter.o(!!!scatter)
    __scatterload_null                       0x000003d7   Thumb Code     0  __scatter.o(!!!scatter)
    __scatterload_copy                       0x000003fd   Thumb Code    26  __scatter_copy.o(!!handler_copy)
    __scatterload_zeroinit                   0x00000419   Thumb Code    28  __scatter_zi.o(!!handler_zi)
    __rt_lib_init                            0x00000435   Thumb Code     0  libinit.o(.ARM.Collect$$libinit$$00000000)
    __rt_lib_init_alloca_1                   0x00000437   Thumb Code     0  libinit2.o(.ARM.Collect$$libinit$$0000002E)
    __rt_lib_init_argv_1                     0x00000437   Thumb Code     0  libinit2.o(.ARM.Collect$$libinit$$0000002C)
    __rt_lib_init_atexit_1                   0x00000437   Thumb Code     0  libinit2.o(.ARM.Collect$$libinit$$0000001B)
    __rt_lib_init_clock_1                    0x00000437   Thumb Code     0  libinit2.o(.ARM.Collect$$libinit$$00000021)
    __rt_lib_init_cpp_1                      0x00000437   Thumb Code     0  libinit2.o(.ARM.Collect$$libinit$$00000032)
    __rt_lib_init_exceptions_1               0x00000437   Thumb Code     0  libinit2.o(.ARM.Collect$$libinit$$00000030)
    __rt_lib_init_fp_1                       0x00000437   Thumb Code     0  libinit2.o(.ARM.Collect$$libinit$$00000002)
    __rt_lib_init_fp_trap_1                  0x00000437   Thumb Code     0  libinit2.o(.ARM.Collect$$libinit$$0000001F)
    __rt_lib_init_getenv_1                   0x00000437   Thumb Code     0  libinit2.o(.ARM.Collect$$libinit$$00000023)
    __rt_lib_init_heap_1                     0x00000437   Thumb Code     0  libinit2.o(.ARM.Collect$$libinit$$0000000A)
    __rt_lib_init_lc_collate_1               0x00000437   Thumb Code     0  libinit2.o(.ARM.Collect$$libinit$$00000011)
    __rt_lib_init_lc_ctype_1                 0x00000437   Thumb Code     0  libinit2.o(.ARM.Collect$$libinit$$00000013)
    __rt_lib_init_lc_monetary_1              0x00000437   Thumb Code     0  libinit2.o(.ARM.Collect$$libinit$$00000015)
    __rt_lib_init_lc_numeric_1               0x00000437   Thumb Code     0  libinit2.o(.ARM.Collect$$libinit$$00000017)
    __rt_lib_init_lc_time_1                  0x00000437   Thumb Code     0  libinit2.o(.ARM.Collect$$libinit$$00000019)
    __rt_lib_init_preinit_1                  0x00000437   Thumb Code     0  libinit2.o(.ARM.Collect$$libinit$$00000004)
    __rt_lib_init_rand_1                     0x00000437   Thumb Code     0  libinit2.o(.ARM.Collect$$libinit$$0000000E)
    __rt_lib_init_return                     0x00000437   Thumb Code     0  libinit2.o(.ARM.Collect$$libinit$$00000033)
    __rt_lib_init_signal_1                   0x00000437   Thumb Code     0  libinit2.o(.ARM.Collect$$libinit$$0000001D)
    __rt_lib_init_stdio_1                    0x00000437   Thumb Code     0  libinit2.o(.ARM.Collect$$libinit$$00000025)
    __rt_lib_init_user_alloc_1               0x00000437   Thumb Code     0  libinit2.o(.ARM.Collect$$libinit$$0000000C)
    __rt_lib_shutdown                        0x00000439   Thumb Code     0  libshutdown.o(.ARM.Collect$$libshutdown$$00000000)
    __rt_lib_shutdown_cpp_1                  0x0000043b   Thumb Code     0  libshutdown2.o(.ARM.Collect$$libshutdown$$00000004)
    __rt_lib_shutdown_fini_1                 0x0000043b   Thumb Code     0  libshutdown2.o(.ARM.Collect$$libshutdown$$00000002)
    __rt_lib_shutdown_fp_trap_1              0x0000043b   Thumb Code     0  libshutdown2.o(.ARM.Collect$$libshutdown$$00000009)
    __rt_lib_shutdown_heap_1                 0x0000043b   Thumb Code     0  libshutdown2.o(.ARM.Collect$$libshutdown$$00000011)
    __rt_lib_shutdown_return                 0x0000043b   Thumb Code     0  libshutdown2.o(.ARM.Collect$$libshutdown$$00000012)
    __rt_lib_shutdown_signal_1               0x0000043b   Thumb Code     0  libshutdown2.o(.ARM.Collect$$libshutdown$$0000000C)
    __rt_lib_shutdown_stdio_1                0x0000043b   Thumb Code     0  libshutdown2.o(.ARM.Collect$$libshutdown$$00000006)
    __rt_lib_shutdown_user_alloc_1           0x0000043b   Thumb Code     0  libshutdown2.o(.ARM.Collect$$libshutdown$$0000000E)
    __rt_entry                               0x0000043d   Thumb Code     0  __rtentry.o(.ARM.Collect$$rtentry$$00000000)
    __rt_entry_presh_1                       0x0000043d   Thumb Code     0  __rtentry2.o(.ARM.Collect$$rtentry$$00000002)
    __rt_entry_sh                            0x0000043d   Thumb Code     0  __rtentry7.o(.ARM.Collect$$rtentry$$00000007)
    __rt_entry_li                            0x00000441   Thumb Code     0  __rtentry2.o(.ARM.Collect$$rtentry$$0000000A)
    __rt_entry_postsh_1                      0x00000441   Thumb Code     0  __rtentry2.o(.ARM.Collect$$rtentry$$00000009)
    __rt_entry_main                          0x00000445   Thumb Code     0  __rtentry2.o(.ARM.Collect$$rtentry$$0000000D)
    __rt_entry_postli_1                      0x00000445   Thumb Code     0  __rtentry2.o(.ARM.Collect$$rtentry$$0000000C)
    __rt_exit                                0x00000451   Thumb Code     0  rtexit.o(.ARM.Collect$$rtexit$$00000000)
    __rt_exit_ls                             0x00000453   Thumb Code     0  rtexit2.o(.ARM.Collect$$rtexit$$00000003)
    __rt_exit_prels_1                        0x00000453   Thumb Code     0  rtexit2.o(.ARM.Collect$$rtexit$$00000002)
    __rt_exit_exit                           0x00000457   Thumb Code     0  rtexit2.o(.ARM.Collect$$rtexit$$00000004)
    PendSV_Handler                           0x0000045d   Thumb Code    40  switch.o(.emb_text)
    exit                                     0x0000048d   Thumb Code    18  exit.o(.text)
    __I$use$semihosting                      0x0000049f   Thumb Code     0  use_no_semi.o(.text)
    __use_no_semihosting_swi                 0x0000049f   Thumb Code     2  use_no_semi.o(.text)
    __semihosting_library_function           0x000004a1   Thumb Code     0  indicate_semi.o(.text)
    _sys_exit                                0x000004a1   Thumb Code     8  sys_exit.o(.text)
    BusFault_Handler                         0x000004ad   Thumb Code     0  startup_armcm3.o(i.Default_Handler)
    DebugMon_Handler                         0x000004ad   Thumb Code     0  startup_armcm3.o(i.Default_Handler)
    Default_Handler                          0x000004ad   Thumb Code     4  startup_armcm3.o(i.Default_Handler)
    Interrupt0_Handler                       0x000004ad   Thumb Code     0  startup_armcm3.o(i.Default_Handler)
    Interrupt1_Handler                       0x000004ad   Thumb Code     0  startup_armcm3.o(i.Default_Handler)
    Interrupt2_Handler                       0x000004ad   Thumb Code     0  startup_armcm3.o(i.Default_Handler)
    Interrupt3_Handler                       0x000004ad   Thumb Code     0  startup_armcm3.o(i.Default_Handler)
    Interrupt4_Handler                       0x000004ad   Thumb Code     0  startup_armcm3.o(i.Default_Handler)
    Interrupt5_Handler                       0x000004ad   Thumb Code     0  startup_armcm3.o(i.Default_Handler)
    Interrupt6_Handler                       0x000004ad   Thumb Code     0  startup_armcm3.o(i.Default_Handler)
    Interrupt7_Handler                       0x000004ad   Thumb Code     0  startup_armcm3.o(i.Default_Handler)
    Interrupt8_Handler                       0x000004ad   Thumb Code     0  startup_armcm3.o(i.Default_Handler)
    Interrupt9_Handler                       0x000004ad   Thumb Code     0  startup_armcm3.o(i.Default_Handler)
    MemManage_Handler                        0x000004ad   Thumb Code     0  startup_armcm3.o(i.Default_Handler)
    NMI_Handler                              0x000004ad   Thumb Code     0  startup_armcm3.o(i.Default_Handler)
    SVC_Handler                              0x000004ad   Thumb Code     0  startup_armcm3.o(i.Default_Handler)
    UsageFault_Handler                       0x000004ad   Thumb Code     0  startup_armcm3.o(i.Default_Handler)
    HardFault_Handler                        0x000004b1   Thumb Code     4  startup_armcm3.o(i.HardFault_Handler)
    Reset_Handler                            0x000004b5   Thumb Code     8  startup_armcm3.o(i.Reset_Handler)
    SysTick_Handler                          0x000004bd   Thumb Code     8  tcpu.o(i.SysTick_Handler)
    SystemInit                               0x000004c5   Thumb Code    14  system_armcm3.o(i.SystemInit)
    idleTaskEntry                            0x000004e5   Thumb Code     4  main.o(i.idleTaskEntry)
    main                                     0x000004e9   Thumb Code    52  main.o(i.main)
    tBitmapClear                             0x00000531   Thumb Code    12  tbitmap.o(i.tBitmapClear)
    tBitmapGetFirstSet                       0x0000053d   Thumb Code    86  tbitmap.o(i.tBitmapGetFirstSet)
    tBitmapInit                              0x00000599   Thumb Code     6  tbitmap.o(i.tBitmapInit)
    tBitmapPosCount                          0x0000059f   Thumb Code     4  tbitmap.o(i.tBitmapPosCount)
    tBitmapSet                               0x000005a3   Thumb Code    12  tbitmap.o(i.tBitmapSet)
    tEventInit                               0x000005af   Thumb Code    18  tevent.o(i.tEventInit)
    tEventRemoveTask                         0x000005c1   Thumb Code    52  tevent.o(i.tEventRemoveTask)
    tEventWait                               0x000005f5   Thumb Code    74  tevent.o(i.tEventWait)
    tEventWakeUpTask                         0x0000063f   Thumb Code    70  tevent.o(i.tEventWakeUpTask)
    tFlagGroupInit                           0x000006db   Thumb Code    18  tflaggroup.o(i.tFlagGroupInit)
    tFlagGroupNoWaitGet                      0x000006ed   Thumb Code    46  tflaggroup.o(i.tFlagGroupNoWaitGet)
    tFlagGroupNotify                         0x0000071b   Thumb Code   122  tflaggroup.o(i.tFlagGroupNotify)
    tFlagGroupWait                           0x00000795   Thumb Code   110  tflaggroup.o(i.tFlagGroupWait)
    tInitApp                                 0x00000809   Thumb Code    76  app.o(i.tInitApp)
    tListAddFirst                            0x00000885   Thumb Code    24  tlist.o(i.tListAddFirst)
    tListAddLast                             0x0000089d   Thumb Code    20  tlist.o(i.tListAddLast)
    tListCount                               0x000008b1   Thumb Code     6  tlist.o(i.tListCount)
    tListFirst                               0x000008b7   Thumb Code    12  tlist.o(i.tListFirst)
    tListInit                                0x000008c3   Thumb Code    10  tlist.o(i.tListInit)
    tListRemove                              0x000008cd   Thumb Code    20  tlist.o(i.tListRemove)
    tListRemoveFirst                         0x000008e1   Thumb Code    26  tlist.o(i.tListRemoveFirst)
    tNodeInit                                0x000008fb   Thumb Code     6  tlist.o(i.tNodeInit)
    tSetSysTickPeriod                        0x00000901   Thumb Code    74  tcpu.o(i.tSetSysTickPeriod)
    tTaskDealyedInit                         0x00000959   Thumb Code    10  main.o(i.tTaskDealyedInit)
    tTaskDelay                               0x00000969   Thumb Code    40  ttime.o(i.tTaskDelay)
    tTaskEnterCritical                       0x00000995   Thumb Code    12  switch.o(i.tTaskEnterCritical)
    tTaskExitCritical                        0x000009a1   Thumb Code    10  switch.o(i.tTaskExitCritical)
    tTaskHighestReady                        0x000009ad   Thumb Code    30  main.o(i.tTaskHighestReady)
    tTaskInit                                0x000009d5   Thumb Code   190  ttask.o(i.tTaskInit)
    tTaskRunFirst                            0x00000a95   Thumb Code    24  switch.o(i.tTaskRunFirst)
    tTaskSched                               0x00000ab1   Thumb Code    52  main.o(i.tTaskSched)
    tTaskSchedInit                           0x00000af1   Thumb Code    40  main.o(i.tTaskSchedInit)
    tTaskSchedRdy                            0x00000b25   Thumb Code    32  main.o(i.tTaskSchedRdy)
    tTaskSchedUnRdy                          0x00000b4d   Thumb Code    50  main.o(i.tTaskSchedUnRdy)
    tTaskSwitch                              0x00000b89   Thumb Code    10  switch.o(i.tTaskSwitch)
    tTaskSystemTickHandler                   0x00000b99   Thumb Code   166  main.o(i.tTaskSystemTickHandler)
    tTimeTaskWait                            0x00000c4d   Thumb Code    28  main.o(i.tTimeTaskWait)
    tTimeTaskWakeUp                          0x00000c6d   Thumb Code    24  main.o(i.tTimeTaskWakeUp)
    task1Entry                               0x00000c89   Thumb Code    50  app.o(i.task1Entry)
    task2Entry                               0x00000cc5   Thumb Code    56  app.o(i.task2Entry)
    task3Entry                               0x00000d05   Thumb Code    26  app.o(i.task3Entry)
    task4Entry                               0x00000d25   Thumb Code    26  app.o(i.task4Entry)
    Region$$Table$$Base                      0x00000e44   Number         0  anon$$obj.o(Region$$Table)
    Region$$Table$$Limit                     0x00000e64   Number         0  anon$$obj.o(Region$$Table)
    currentTask                              0x20000000   Data           4  main.o(.data)
    nextTask                                 0x20000004   Data           4  main.o(.data)
    idleTask                                 0x20000008   Data           4  main.o(.data)
    taskPrioBitmap                           0x2000000c   Data           4  main.o(.data)
    schedLockCount                           0x20000010   Data           1  main.o(.data)
    task1Flag                                0x20000014   Data           4  app.o(.data)
    task2Flag                                0x20000018   Data           4  app.o(.data)
    task3Flag                                0x2000001c   Data           4  app.o(.data)
    task4Flag                                0x20000020   Data           4  app.o(.data)
    SystemCoreClock                          0x20000024   Data           4  system_armcm3.o(.data)
    taskTable                                0x20000028   Data         384  main.o(.bss)
    tTaskDelayedList                         0x200001a8   Data          12  main.o(.bss)
    tTaskIdle                                0x200001b4   Data          72  main.o(.bss)
    idleTaskEnv                              0x200001fc   Data        4096  main.o(.bss)
    tTask1                                   0x200011fc   Data          72  app.o(.bss)
    task1Env                                 0x20001244   Data        4096  app.o(.bss)
    tTask2                                   0x20002244   Data          72  app.o(.bss)
    task2Env                                 0x2000228c   Data        4096  app.o(.bss)
    tTask3                                   0x2000328c   Data          72  app.o(.bss)
    task3Env                                 0x200032d4   Data        4096  app.o(.bss)
    tTask4                                   0x200042d4   Data          72  app.o(.bss)
    task4Env                                 0x2000431c   Data        4096  app.o(.bss)
    flagGroup                                0x2000531c   Data          20  app.o(.bss)
    Image$$ARM_LIB_HEAP$$ZI$$Base            0x20005330   Number         0  anon$$obj.o ABSOLUTE
    Image$$ARM_LIB_HEAP$$ZI$$Limit           0x20005f30   Number         0  anon$$obj.o ABSOLUTE
    Image$$ARM_LIB_STACK$$ZI$$Limit          0x20040000   Number         0  anon$$obj.o ABSOLUTE



==============================================================================

Memory Map of the image

  Image Entry point : 0x000003c1

  Load Region LR_ROM (Base: 0x00000000, Size: 0x00000e8c, Max: 0x00080000, ABSOLUTE)

    Execution Region ER_ROM (Exec base: 0x00000000, Load base: 0x00000000, Size: 0x00000e64, Max: 0x00080000, ABSOLUTE)

    Exec Addr    Load Addr    Size         Type   Attr      Idx    E Section Name        Object

    0x00000000   0x00000000   0x000003c0   Data   RO          752    RESET               startup_armcm3.o
    0x000003c0   0x000003c0   0x00000008   Code   RO          825  * !!!main             c_w.l(__main.o)
    0x000003c8   0x000003c8   0x00000034   Code   RO          995    !!!scatter          c_w.l(__scatter.o)
    0x000003fc   0x000003fc   0x0000001a   Code   RO          997    !!handler_copy      c_w.l(__scatter_copy.o)
    0x00000416   0x00000416   0x00000002   PAD
    0x00000418   0x00000418   0x0000001c   Code   RO          999    !!handler_zi        c_w.l(__scatter_zi.o)
    0x00000434   0x00000434   0x00000002   Code   RO          857    .ARM.Collect$$libinit$$00000000  c_w.l(libinit.o)
    0x00000436   0x00000436   0x00000000   Code   RO          866    .ARM.Collect$$libinit$$00000002  c_w.l(libinit2.o)
    0x00000436   0x00000436   0x00000000   Code   RO          868    .ARM.Collect$$libinit$$00000004  c_w.l(libinit2.o)
    0x00000436   0x00000436   0x00000000   Code   RO          871    .ARM.Collect$$libinit$$0000000A  c_w.l(libinit2.o)
    0x00000436   0x00000436   0x00000000   Code   RO          873    .ARM.Collect$$libinit$$0000000C  c_w.l(libinit2.o)
    0x00000436   0x00000436   0x00000000   Code   RO          875    .ARM.Collect$$libinit$$0000000E  c_w.l(libinit2.o)
    0x00000436   0x00000436   0x00000000   Code   RO          878    .ARM.Collect$$libinit$$00000011  c_w.l(libinit2.o)
    0x00000436   0x00000436   0x00000000   Code   RO          880    .ARM.Collect$$libinit$$00000013  c_w.l(libinit2.o)
    0x00000436   0x00000436   0x00000000   Code   RO          882    .ARM.Collect$$libinit$$00000015  c_w.l(libinit2.o)
    0x00000436   0x00000436   0x00000000   Code   RO          884    .ARM.Collect$$libinit$$00000017  c_w.l(libinit2.o)
    0x00000436   0x00000436   0x00000000   Code   RO          886    .ARM.Collect$$libinit$$00000019  c_w.l(libinit2.o)
    0x00000436   0x00000436   0x00000000   Code   RO          888    .ARM.Collect$$libinit$$0000001B  c_w.l(libinit2.o)
    0x00000436   0x00000436   0x00000000   Code   RO          890    .ARM.Collect$$libinit$$0000001D  c_w.l(libinit2.o)
    0x00000436   0x00000436   0x00000000   Code   RO          892    .ARM.Collect$$libinit$$0000001F  c_w.l(libinit2.o)
    0x00000436   0x00000436   0x00000000   Code   RO          894    .ARM.Collect$$libinit$$00000021  c_w.l(libinit2.o)
    0x00000436   0x00000436   0x00000000   Code   RO          896    .ARM.Collect$$libinit$$00000023  c_w.l(libinit2.o)
    0x00000436   0x00000436   0x00000000   Code   RO          898    .ARM.Collect$$libinit$$00000025  c_w.l(libinit2.o)
    0x00000436   0x00000436   0x00000000   Code   RO          902    .ARM.Collect$$libinit$$0000002C  c_w.l(libinit2.o)
    0x00000436   0x00000436   0x00000000   Code   RO          904    .ARM.Collect$$libinit$$0000002E  c_w.l(libinit2.o)
    0x00000436   0x00000436   0x00000000   Code   RO          906    .ARM.Collect$$libinit$$00000030  c_w.l(libinit2.o)
    0x00000436   0x00000436   0x00000000   Code   RO          908    .ARM.Collect$$libinit$$00000032  c_w.l(libinit2.o)
    0x00000436   0x00000436   0x00000002   Code   RO          909    .ARM.Collect$$libinit$$00000033  c_w.l(libinit2.o)
    0x00000438   0x00000438   0x00000002   Code   RO          936    .ARM.Collect$$libshutdown$$00000000  c_w.l(libshutdown.o)
    0x0000043a   0x0000043a   0x00000000   Code   RO          946    .ARM.Collect$$libshutdown$$00000002  c_w.l(libshutdown2.o)
    0x0000043a   0x0000043a   0x00000000   Code   RO          948    .ARM.Collect$$libshutdown$$00000004  c_w.l(libshutdown2.o)
    0x0000043a   0x0000043a   0x00000000   Code   RO          950    .ARM.Collect$$libshutdown$$00000006  c_w.l(libshutdown2.o)
    0x0000043a   0x0000043a   0x00000000   Code   RO          953    .ARM.Collect$$libshutdown$$00000009  c_w.l(libshutdown2.o)
    0x0000043a   0x0000043a   0x00000000   Code   RO          956    .ARM.Collect$$libshutdown$$0000000C  c_w.l(libshutdown2.o)
    0x0000043a   0x0000043a   0x00000000   Code   RO          958    .ARM.Collect$$libshutdown$$0000000E  c_w.l(libshutdown2.o)
    0x0000043a   0x0000043a   0x00000000   Code   RO          961    .ARM.Collect$$libshutdown$$00000011  c_w.l(libshutdown2.o)
    0x0000043a   0x0000043a   0x00000002   Code   RO          962    .ARM.Collect$$libshutdown$$00000012  c_w.l(libshutdown2.o)
    0x0000043c   0x0000043c   0x00000000   Code   RO          827    .ARM.Collect$$rtentry$$00000000  c_w.l(__rtentry.o)
    0x0000043c   0x0000043c   0x00000000   Code   RO          829    .ARM.Collect$$rtentry$$00000002  c_w.l(__rtentry2.o)
    0x0000043c   0x0000043c   0x00000004   Code   RO          843    .ARM.Collect$$rtentry$$00000007  c_w.l(__rtentry7.o)
    0x00000440   0x00000440   0x00000000   Code   RO          831    .ARM.Collect$$rtentry$$00000009  c_w.l(__rtentry2.o)
    0x00000440   0x00000440   0x00000004   Code   RO          832    .ARM.Collect$$rtentry$$0000000A  c_w.l(__rtentry2.o)
    0x00000444   0x00000444   0x00000000   Code   RO          834    .ARM.Collect$$rtentry$$0000000C  c_w.l(__rtentry2.o)
    0x00000444   0x00000444   0x00000008   Code   RO          835    .ARM.Collect$$rtentry$$0000000D  c_w.l(__rtentry2.o)
    0x0000044c   0x0000044c   0x00000004   Code   RO          844    .ARM.Collect$$rtentry$$00002718  c_w.l(__rtentry7.o)
    0x00000450   0x00000450   0x00000002   Code   RO          863    .ARM.Collect$$rtexit$$00000000  c_w.l(rtexit.o)
    0x00000452   0x00000452   0x00000000   Code   RO          918    .ARM.Collect$$rtexit$$00000002  c_w.l(rtexit2.o)
    0x00000452   0x00000452   0x00000004   Code   RO          919    .ARM.Collect$$rtexit$$00000003  c_w.l(rtexit2.o)
    0x00000456   0x00000456   0x00000006   Code   RO          920    .ARM.Collect$$rtexit$$00000004  c_w.l(rtexit2.o)
    0x0000045c   0x0000045c   0x00000030   Code   RO          174    .emb_text           switch.o
    0x0000048c   0x0000048c   0x00000012   Code   RO          850    .text               c_w.l(exit.o)
    0x0000049e   0x0000049e   0x00000002   Code   RO          914    .text               c_w.l(use_no_semi.o)
    0x000004a0   0x000004a0   0x00000000   Code   RO          916    .text               c_w.l(indicate_semi.o)
    0x000004a0   0x000004a0   0x0000000c   Code   RO          928    .text               c_w.l(sys_exit.o)
    0x000004ac   0x000004ac   0x00000004   Code   RO          749    i.Default_Handler   startup_armcm3.o
    0x000004b0   0x000004b0   0x00000004   Code   RO          750    i.HardFault_Handler  startup_armcm3.o
    0x000004b4   0x000004b4   0x00000008   Code   RO          751    i.Reset_Handler     startup_armcm3.o
    0x000004bc   0x000004bc   0x00000008   Code   RO          448    i.SysTick_Handler   tcpu.o
    0x000004c4   0x000004c4   0x00000020   Code   RO          790    i.SystemInit        system_armcm3.o
    0x000004e4   0x000004e4   0x00000004   Code   RO            6    i.idleTaskEntry     main.o
    0x000004e8   0x000004e8   0x00000048   Code   RO            7    i.main              main.o
    0x00000530   0x00000530   0x0000000c   Code   RO          224    i.tBitmapClear      tbitmap.o
    0x0000053c   0x0000053c   0x0000005c   Code   RO          225    i.tBitmapGetFirstSet  tbitmap.o
    0x00000598   0x00000598   0x00000006   Code   RO          226    i.tBitmapInit       tbitmap.o
    0x0000059e   0x0000059e   0x00000004   Code   RO          227    i.tBitmapPosCount   tbitmap.o
    0x000005a2   0x000005a2   0x0000000c   Code   RO          228    i.tBitmapSet        tbitmap.o
    0x000005ae   0x000005ae   0x00000012   Code   RO          519    i.tEventInit        tevent.o
    0x000005c0   0x000005c0   0x00000034   Code   RO          521    i.tEventRemoveTask  tevent.o
    0x000005f4   0x000005f4   0x0000004a   Code   RO          522    i.tEventWait        tevent.o
    0x0000063e   0x0000063e   0x00000046   Code   RO          525    i.tEventWakeUpTask  tevent.o
    0x00000684   0x00000684   0x00000056   Code   RO          699    i.tFlagGroupCheckAndConsume  tflaggroup.o
    0x000006da   0x000006da   0x00000012   Code   RO          702    i.tFlagGroupInit    tflaggroup.o
    0x000006ec   0x000006ec   0x0000002e   Code   RO          703    i.tFlagGroupNoWaitGet  tflaggroup.o
    0x0000071a   0x0000071a   0x0000007a   Code   RO          704    i.tFlagGroupNotify  tflaggroup.o
    0x00000794   0x00000794   0x00000074   Code   RO          705    i.tFlagGroupWait    tflaggroup.o
    0x00000808   0x00000808   0x0000007c   Code   RO          479    i.tInitApp          app.o
    0x00000884   0x00000884   0x00000018   Code   RO          261    i.tListAddFirst     tlist.o
    0x0000089c   0x0000089c   0x00000014   Code   RO          262    i.tListAddLast      tlist.o
    0x000008b0   0x000008b0   0x00000006   Code   RO          263    i.tListCount        tlist.o
    0x000008b6   0x000008b6   0x0000000c   Code   RO          264    i.tListFirst        tlist.o
    0x000008c2   0x000008c2   0x0000000a   Code   RO          265    i.tListInit         tlist.o
    0x000008cc   0x000008cc   0x00000014   Code   RO          270    i.tListRemove       tlist.o
    0x000008e0   0x000008e0   0x0000001a   Code   RO          272    i.tListRemoveFirst  tlist.o
    0x000008fa   0x000008fa   0x00000006   Code   RO          273    i.tNodeInit         tlist.o
    0x00000900   0x00000900   0x00000058   Code   RO          449    i.tSetSysTickPeriod  tcpu.o
    0x00000958   0x00000958   0x00000010   Code   RO            8    i.tTaskDealyedInit  main.o
    0x00000968   0x00000968   0x0000002c   Code   RO          433    i.tTaskDelay        ttime.o
    0x00000994   0x00000994   0x0000000c   Code   RO          175    i.tTaskEnterCritical  switch.o
    0x000009a0   0x000009a0   0x0000000a   Code   RO          176    i.tTaskExitCritical  switch.o
    0x000009aa   0x000009aa   0x00000002   PAD
    0x000009ac   0x000009ac   0x00000028   Code   RO            9    i.tTaskHighestReady  main.o
    0x000009d4   0x000009d4   0x000000be   Code   RO          351    i.tTaskInit         ttask.o
    0x00000a92   0x00000a92   0x00000002   PAD
    0x00000a94   0x00000a94   0x0000001c   Code   RO          177    i.tTaskRunFirst     switch.o
    0x00000ab0   0x00000ab0   0x00000040   Code   RO           10    i.tTaskSched        main.o
    0x00000af0   0x00000af0   0x00000034   Code   RO           13    i.tTaskSchedInit    main.o
    0x00000b24   0x00000b24   0x00000028   Code   RO           14    i.tTaskSchedRdy     main.o
    0x00000b4c   0x00000b4c   0x0000003c   Code   RO           16    i.tTaskSchedUnRdy   main.o
    0x00000b88   0x00000b88   0x00000010   Code   RO          178    i.tTaskSwitch       switch.o
    0x00000b98   0x00000b98   0x000000b4   Code   RO           17    i.tTaskSystemTickHandler  main.o
    0x00000c4c   0x00000c4c   0x00000020   Code   RO           19    i.tTimeTaskWait     main.o
    0x00000c6c   0x00000c6c   0x0000001c   Code   RO           20    i.tTimeTaskWakeUp   main.o
    0x00000c88   0x00000c88   0x0000003c   Code   RO          480    i.task1Entry        app.o
    0x00000cc4   0x00000cc4   0x00000040   Code   RO          481    i.task2Entry        app.o
    0x00000d04   0x00000d04   0x00000020   Code   RO          482    i.task3Entry        app.o
    0x00000d24   0x00000d24   0x00000020   Code   RO          483    i.task4Entry        app.o
    0x00000d44   0x00000d44   0x00000100   Data   RO          229    .constdata          tbitmap.o
    0x00000e44   0x00000e44   0x00000020   Data   RO          993    Region$$Table       anon$$obj.o


    Execution Region RW_RAM (Exec base: 0x20000000, Load base: 0x00000e64, Size: 0x00005330, Max: 0x0003f200, ABSOLUTE)

    Exec Addr    Load Addr    Size         Type   Attr      Idx    E Section Name        Object

    0x20000000   0x00000e64   0x00000011   Data   RW           22    .data               main.o
    0x20000011   0x00000e75   0x00000003   PAD
    0x20000014   0x00000e78   0x00000010   Data   RW          485    .data               app.o
    0x20000024   0x00000e88   0x00000004   Data   RW          791    .data               system_armcm3.o
    0x20000028        -       0x000011d4   Zero   RW           21    .bss                main.o
    0x200011fc        -       0x00004134   Zero   RW          484    .bss                app.o


    Execution Region ARM_LIB_HEAP (Exec base: 0x20005330, Load base: 0x00000e8c, Size: 0x00000c00, Max: 0x00000c00, ABSOLUTE)

    Exec Addr    Load Addr    Size         Type   Attr      Idx    E Section Name        Object

    0x20005330        -       0x00000c00   Zero   RW            1    ARM_LIB_HEAP.bss    anon$$obj.o


    Execution Region ARM_LIB_STACK (Exec base: 0x2003fe00, Load base: 0x00000e8c, Size: 0x00000200, Max: 0x00000200, ABSOLUTE)

    Exec Addr    Load Addr    Size         Type   Attr      Idx    E Section Name        Object

    0x2003fe00        -       0x00000200   Zero   RW            2    ARM_LIB_STACK.bss   anon$$obj.o


==============================================================================

Image component sizes


      Code (inc. data)   RO Data    RW Data    ZI Data      Debug   Object Name

       312         78          0         16      16692       2959   app.o
       588        100          0         17       4564      13546   main.o
        16          0        960          0          0       2096   startup_armcm3.o
       114         18          0          0          0       5947   switch.o
        32         18          0          4          0        707   system_armcm3.o
       126          6        256          0          0       2529   tbitmap.o
        96         14          0          0          0      27909   tcpu.o
       214          0          0          0          0       2704   tevent.o
       388          6          0          0          0       3951   tflaggroup.o
       124          0          0          0          0       4318   tlist.o
       190          0          0          0          0       3028   ttask.o
        44          4          0          0          0        477   ttime.o

    ----------------------------------------------------------------------
      2248        244       1248         40      24840      70171   Object Totals
         0          0         32          0       3584          0   (incl. Generated)
         4          0          0          3          0          0   (incl. Padding)

    ----------------------------------------------------------------------

      Code (inc. data)   RO Data    RW Data    ZI Data      Debug   Library Member Name

         8          0          0          0          0         68   __main.o
         0          0          0          0          0          0   __rtentry.o
        12          0          0          0          0          0   __rtentry2.o
         8          4          0          0          0          0   __rtentry7.o
        52          8          0          0          0          0   __scatter.o
        26          0          0          0          0          0   __scatter_copy.o
        28          0          0          0          0          0   __scatter_zi.o
        18          0          0          0          0         80   exit.o
         0          0          0          0          0          0   indicate_semi.o
         2          0          0          0          0          0   libinit.o
         2          0          0          0          0          0   libinit2.o
         2          0          0          0          0          0   libshutdown.o
         2          0          0          0          0          0   libshutdown2.o
         2          0          0          0          0          0   rtexit.o
        10          0          0          0          0          0   rtexit2.o
        12          4          0          0          0         68   sys_exit.o
         2          0          0          0          0         68   use_no_semi.o

    ----------------------------------------------------------------------
       188         16          0          0          0        284   Library Totals
         2          0          0          0          0          0   (incl. Padding)

    ----------------------------------------------------------------------

      Code (inc. data)   RO Data    RW Data    ZI Data      Debug   Library Name

       186         16          0          0          0        284   c_w.l

    ----------------------------------------------------------------------
       188         16          0          0          0        284   Library Totals

    ----------------------------------------------------------------------

==============================================================================


      Code (inc. data)   RO Data    RW Data    ZI Data      Debug   

      2436        260       1248         40      24840      68111   Grand Totals
      2436        260       1248         40      24840      68111   ELF Image Totals
      2436        260       1248         40          0          0   ROM Totals

==============================================================================

    Total RO  Size (Code + RO Data)                 3684 (   3.60kB)
    Total RW  Size (RW Data + ZI Data)             24880 (  24.30kB)
    Total ROM Size (Code + RO Data + RW Data)       3724 (   3.64kB)

==============================================================================

